<html>
<body>
<pre>
<h1>µVision Build Log</h1>
<h2>Tool Versions:</h2>
IDE-Version: ¦ÌVision V5.23.0.0
Copyright (C) 2017 ARM Ltd and ARM Germany GmbH. All rights reserved.
License Information: wu HP, Hewlett-Packard, LIC=S5ILQ-N86LS-TKCB9-4MCS0-7CGLV-3HJ16
 
Tool Versions:
Toolchain:       MDK-ARM Professional  Version: 5.23
Toolchain Path:  D:\software\MDK\ARM\ARMCC\Bin
C Compiler:      Armcc.exe V5.06 update 4 (build 422)
Assembler:       Armasm.exe V5.06 update 4 (build 422)
Linker/Locator:  ArmLink.exe V5.06 update 4 (build 422)
Library Manager: ArmAr.exe V5.06 update 4 (build 422)
Hex Converter:   FromElf.exe V5.06 update 4 (build 422)
CPU DLL:         SARMCM3.DLL V5.23
Dialog DLL:      DCM.DLL V1.15.0.0
Target DLL:      Segger\JL2CM3.dll V2.99.23.0
Dialog DLL:      TCM.DLL V1.27.0.0
 
<h2>Project:</h2>
E:\Wplan\WogeeDCcharger\UCOS\CHARGER.uvprojx
Project File Date:  10/12/2020

<h2>Output:</h2>
*** Using Compiler 'V5.06 update 4 (build 422)', folder: 'D:\software\MDK\ARM\ARMCC\Bin'
Build target 'CHARGER'
compiling module.c...
User\module.c(505): warning:  #177-D: function "ModuleGet"  was declared but never referenced
  void ModuleGet(uint8_t CMD,uint32_t Voltage,uint32_t Current,uint8_t err)
User\module.c(598): warning:  #177-D: function "AnalyseMT31"  was declared but never referenced
  void AnalyseMT31(uint8_t	port)
User\module.c(609): warning:  #177-D: function "AnalyseMT33"  was declared but never referenced
  void AnalyseMT33(uint8_t	port)
User\module.c(614): warning:  #177-D: function "AnalyseMT34"  was declared but never referenced
  void AnalyseMT34(uint8_t	port)
User\module.c(26): warning:  #177-D: function "AnalyseMT36"  was declared but never referenced
  static void AnalyseMT36(uint8_t	port);
User\module.c(27): warning:  #177-D: function "AnalyseMT37"  was declared but never referenced
  static void AnalyseMT37(uint8_t	port);
User\module.c(728): warning:  #177-D: function "InitiateMT32"  was declared but never referenced
  void InitiateMT32(uint8_t port)
User\module.c(837): warning:  #177-D: function "InitiateMT36"  was declared but never referenced
  void InitiateMT36(uint8_t port)
User\module.c(850): warning:  #177-D: function "InitiateMT37"  was declared but never referenced
  void InitiateMT37(uint8_t port)
User\module.c(865): warning:  #177-D: function "ChargerDivider50"  was declared but never referenced
  void ChargerDivider50(uint32_t Voltage,uint32_t Current)
User\module.c(45): warning:  #177-D: variable "PowerDividerFlag"  was declared but never referenced
  static uint8_t  PowerDividerFlag;
User\module.c: 11 warnings, 0 errors
linking...
Program Size: Code=20024 RO-data=632 RW-data=308 ZI-data=13188  
FromELF: creating hex file...
".\Flash\Charger.axf" - 0 Error(s), 11 Warning(s).

<h2>Software Packages used:</h2>

Package Vendor: ARM
                http://www.keil.com/pack/ARM.CMSIS.5.0.1.pack
                ARM::CMSIS:CORE:5.0.1
                CMSIS (Cortex Microcontroller Software Interface Standard)
   * Component: CORE Version: 5.0.1

<h2>Collection of Component include folders:</h2>
  .\RTE\_CHARGER
  D:\software\MDK\ARM\PACK\ARM\CMSIS\5.0.1\CMSIS\Include
  D:\software\MDK\ARM\PACK\Keil\LPC1700_DFP\2.3.0\Device\Include

<h2>Collection of Component Files used:</h2>

   * Component: ARM::CMSIS:CORE:5.0.1
Build Time Elapsed:  00:00:01
</pre>
</body>
</html>
