Component: ARM Compiler 5.06 update 4 (build 422) Tool: armlink [4d35d2]

==============================================================================

Section Cross References

    main.o(i.SystemParameterInit) refers to eeprom.o(i.EepromRead) for EepromRead
    main.o(i.SystemParameterInit) refers to main.o(.bss) for Sys_PARA
    main.o(i.SystemParameterInit) refers to module.o(.bss) for ModuleMsg
    main.o(i.main) refers to gpio.o(i.GPIOInit) for GPIOInit
    main.o(i.main) refers to adc.o(i.ADCInit) for ADCInit
    main.o(i.main) refers to ssp.o(i.SSP0_Init) for SSP0_Init
    main.o(i.main) refers to ssp.o(i.SSP2_Init) for SSP2_Init
    main.o(i.main) refers to timer.o(i.Timer0Init) for Timer0Init
    main.o(i.main) refers to eeprom.o(i.EepromInit) for EepromInit
    main.o(i.main) refers to uart.o(i.UART0Init) for UART0Init
    main.o(i.main) refers to uart.o(i.UART1Init) for UART1Init
    main.o(i.main) refers to uart.o(i.UART2Init) for UART2Init
    main.o(i.main) refers to uart.o(i.UART3Init) for UART3Init
    main.o(i.main) refers to uart.o(i.UART4Init) for UART4Init
    main.o(i.main) refers to can.o(i.CAN_Init) for CAN_Init
    main.o(i.main) refers to rtc.o(i.ExRTCSet) for ExRTCSet
    main.o(i.main) refers to rtc.o(i.RTCInit) for RTCInit
    main.o(i.main) refers to main.o(i.SystemParameterInit) for SystemParameterInit
    main.o(i.main) refers to os_core.o(i.OSInit) for OSInit
    main.o(i.main) refers to os_task.o(i.OSTaskCreate) for OSTaskCreate
    main.o(i.main) refers to os_core.o(i.OSStart) for OSStart
    main.o(i.main) refers to rtc.o(.data) for RTCtimedate
    main.o(i.main) refers to main.o(.bss) for GstkStart
    main.o(i.main) refers to main.o(i.taskStart) for taskStart
    main.o(i.taskADC) refers to adc.o(i.ADCMain) for ADCMain
    main.o(i.taskBMS) refers to bms.o(i.BMSMain) for BMSMain
    main.o(i.taskInsulation) refers to insulation.o(i.InsulationMain) for InsulationMain
    main.o(i.taskModule) refers to module.o(i.ModuleMain) for ModuleMain
    main.o(i.taskStart) refers to os_cpu_c.o(i.tick_init) for tick_init
    main.o(i.taskStart) refers to os_core.o(i.OSStatInit) for OSStatInit
    main.o(i.taskStart) refers to os_task.o(i.OSTaskCreate) for OSTaskCreate
    main.o(i.taskStart) refers to os_task.o(i.OSTaskSuspend) for OSTaskSuspend
    main.o(i.taskStart) refers to main.o(.bss) for GstkADC
    main.o(i.taskStart) refers to main.o(i.taskADC) for taskADC
    main.o(i.taskStart) refers to main.o(i.taskBMS) for taskBMS
    main.o(i.taskStart) refers to main.o(i.taskModule) for taskModule
    main.o(i.taskStart) refers to main.o(i.taskInsulation) for taskInsulation
    bms.o(i.BCL_Analyse) refers to bms.o(i.BMS_CCS) for BMS_CCS
    bms.o(i.BCL_Analyse) refers to bms.o(.bss) for ChargerMsg
    bms.o(i.BCL_Analyse) refers to can.o(.bss) for MessageCAN0
    bms.o(i.BEM_Analyse) refers to can.o(.bss) for MessageCAN0
    bms.o(i.BEM_Analyse) refers to bms.o(.bss) for ChargerMsg
    bms.o(i.BHM_Analyse) refers to bms.o(.bss) for BMSMessage
    bms.o(i.BHM_Analyse) refers to can.o(.bss) for MessageCAN0
    bms.o(i.BHM_Analyse) refers to bms.o(.data) for InsulationFlag
    bms.o(i.BMSMain) refers to bms.o(i.ChargerMsgInit) for ChargerMsgInit
    bms.o(i.BMSMain) refers to os_time.o(i.OSTimeDlyHMSM) for OSTimeDlyHMSM
    bms.o(i.BMSMain) refers to bms.o(i.BMS_RECData_Pro) for BMS_RECData_Pro
    bms.o(i.BMSMain) refers to bms.o(i.ChargeStart) for ChargeStart
    bms.o(i.BMSMain) refers to bms.o(i.BMS_CHM) for BMS_CHM
    bms.o(i.BMSMain) refers to bms.o(i.BMS_CRM) for BMS_CRM
    bms.o(i.BMSMain) refers to bms.o(i.BMS_CEM) for BMS_CEM
    bms.o(i.BMSMain) refers to bms.o(i.BMS_CML) for BMS_CML
    bms.o(i.BMSMain) refers to bms.o(i.BMS_CTS) for BMS_CTS
    bms.o(i.BMSMain) refers to bms.o(i.BMS_CRO) for BMS_CRO
    bms.o(i.BMSMain) refers to adc.o(.data) for ADstatus
    bms.o(i.BMSMain) refers to bms.o(.bss) for ChargerMsg
    bms.o(i.BMSMain) refers to bms.o(.data) for OutVoltageDetFlag
    bms.o(i.BMSMain) refers to bms.o(i.BMS_CST) for BMS_CST
    bms.o(i.BMSMain) refers to bms.o(i.ChargeStop) for ChargeStop
    bms.o(i.BMS_CCS) refers to can.o(i.WriteCAN0) for WriteCAN0
    bms.o(i.BMS_CCS) refers to can.o(.data) for CANID
    bms.o(i.BMS_CCS) refers to bms.o(.bss) for ChargerMsg
    bms.o(i.BMS_CEM) refers to can.o(i.WriteCAN0) for WriteCAN0
    bms.o(i.BMS_CEM) refers to can.o(.data) for CANID
    bms.o(i.BMS_CHM) refers to can.o(i.WriteCAN0) for WriteCAN0
    bms.o(i.BMS_CHM) refers to can.o(.data) for CANID
    bms.o(i.BMS_CML) refers to can.o(i.WriteCAN0) for WriteCAN0
    bms.o(i.BMS_CML) refers to can.o(.data) for CANID
    bms.o(i.BMS_CML) refers to bms.o(.bss) for ChargerMsg
    bms.o(i.BMS_CRM) refers to can.o(i.WriteCAN0) for WriteCAN0
    bms.o(i.BMS_CRM) refers to can.o(.data) for CANID
    bms.o(i.BMS_CRO) refers to can.o(i.WriteCAN0) for WriteCAN0
    bms.o(i.BMS_CRO) refers to can.o(.data) for CANID
[...]
    Removing os_mbox.o(i.OSMboxAccept), (32 bytes).
    Removing os_mbox.o(i.OSMboxCreate), (80 bytes).
    Removing os_mbox.o(i.OSMboxDel), (208 bytes).
    Removing os_mbox.o(i.OSMboxPend), (252 bytes).
    Removing os_mbox.o(i.OSMboxPendAbort), (118 bytes).
    Removing os_mbox.o(i.OSMboxPost), (70 bytes).
    Removing os_mbox.o(i.OSMboxPostOpt), (106 bytes).
    Removing os_mbox.o(i.OSMboxQuery), (68 bytes).
    Removing os_mem.o(.emb_text), (8 bytes).
    Removing os_mem.o(i.OSMemCreate), (116 bytes).
    Removing os_mem.o(i.OSMemGet), (50 bytes).
    Removing os_mem.o(i.OSMemNameGet), (60 bytes).
    Removing os_mem.o(i.OSMemNameSet), (44 bytes).
    Removing os_mem.o(i.OSMemPut), (46 bytes).
    Removing os_mem.o(i.OSMemQuery), (46 bytes).
    Removing os_mutex.o(.emb_text), (8 bytes).
    Removing os_mutex.o(i.OSMutexAccept), (132 bytes).
    Removing os_mutex.o(i.OSMutexCreate), (140 bytes).
    Removing os_mutex.o(i.OSMutexDel), (276 bytes).
    Removing os_mutex.o(i.OSMutexPend), (552 bytes).
    Removing os_mutex.o(i.OSMutexPost), (184 bytes).
    Removing os_mutex.o(i.OSMutexQuery), (104 bytes).
    Removing os_mutex.o(i.OSMutex_RdyAtPrio), (132 bytes).
    Removing os_q.o(.emb_text), (8 bytes).
    Removing os_q.o(i.OSQAccept), (80 bytes).
    Removing os_q.o(i.OSQCreate), (148 bytes).
    Removing os_q.o(i.OSQDel), (248 bytes).
    Removing os_q.o(i.OSQFlush), (30 bytes).
    Removing os_q.o(i.OSQPend), (276 bytes).
    Removing os_q.o(i.OSQPendAbort), (118 bytes).
    Removing os_q.o(i.OSQPost), (100 bytes).
    Removing os_q.o(i.OSQPostFront), (102 bytes).
    Removing os_q.o(i.OSQPostOpt), (170 bytes).
    Removing os_q.o(i.OSQQuery), (90 bytes).
    Removing os_sem.o(.emb_text), (8 bytes).
    Removing os_sem.o(i.OSSemAccept), (36 bytes).
    Removing os_sem.o(i.OSSemDel), (208 bytes).
    Removing os_sem.o(i.OSSemPendAbort), (118 bytes).
    Removing os_sem.o(i.OSSemQuery), (68 bytes).
    Removing os_sem.o(i.OSSemSet), (56 bytes).
    Removing os_time.o(.emb_text), (8 bytes).
    Removing os_time.o(i.OSTimeDlyResume), (168 bytes).
    Removing os_time.o(i.OSTimeGet), (24 bytes).
    Removing os_time.o(i.OSTimeSet), (24 bytes).
    Removing os_dbg_r.o(.emb_text), (8 bytes).
    Removing os_tmr.o(.emb_text), (8 bytes).
    Removing os_tmr.o(i.OSTmrCreate), (100 bytes).
    Removing os_tmr.o(i.OSTmrDel), (128 bytes).
    Removing os_tmr.o(i.OSTmrNameGet), (120 bytes).
    Removing os_tmr.o(i.OSTmrRemainGet), (172 bytes).
    Removing os_tmr.o(i.OSTmrStart), (132 bytes).
    Removing os_tmr.o(i.OSTmrStateGet), (92 bytes).
    Removing os_tmr.o(i.OSTmrStop), (184 bytes).
    Removing os_tmr.o(i.OSTmr_Alloc), (64 bytes).
    Removing os_tmr.o(i.OSTmr_Free), (76 bytes).
    Removing os_task.o(.emb_text), (8 bytes).
    Removing os_task.o(i.OSTaskChangePrio), (404 bytes).
    Removing os_task.o(i.OSTaskDel), (332 bytes).
    Removing os_task.o(i.OSTaskDelReq), (92 bytes).
    Removing os_task.o(i.OSTaskNameGet), (116 bytes).
    Removing os_task.o(i.OSTaskQuery), (76 bytes).
    Removing os_task.o(i.OSTaskRegGet), (60 bytes).
    Removing os_task.o(i.OSTaskRegSet), (64 bytes).
    Removing os_task.o(i.OSTaskResume), (156 bytes).
    Removing os_task.o(i.OS_TaskReturn), (10 bytes).
    Removing dadd.o(.text), (334 bytes).
    Removing dmul.o(.text), (228 bytes).
    Removing ffltui.o(.text), (10 bytes).
    Removing dflti.o(.text), (34 bytes).
    Removing dfixi.o(.text), (62 bytes).
    Removing cfrcmple.o(.text), (20 bytes).
    Removing fepilogue.o(.text), (110 bytes).
    Removing depilogue.o(.text), (186 bytes).

221 unused section(s) (total 18010 bytes) removed from the image.

==============================================================================

Image Symbol Table

    Local Symbols

    Symbol Name                              Value     Ov Type        Size  Object(Section)

    RESET                                    0x00000000   Section      228  startup_lpc177x_8x.o(RESET)
    ../clib/microlib/init/entry.s            0x00000000   Number         0  entry11b.o ABSOLUTE
    ../clib/microlib/init/entry.s            0x00000000   Number         0  entry9b.o ABSOLUTE
    ../clib/microlib/init/entry.s            0x00000000   Number         0  entry8b.o ABSOLUTE
    ../clib/microlib/init/entry.s            0x00000000   Number         0  entry8a.o ABSOLUTE
    ../clib/microlib/init/entry.s            0x00000000   Number         0  entry7b.o ABSOLUTE
    ../clib/microlib/init/entry.s            0x00000000   Number         0  entry7a.o ABSOLUTE
    ../clib/microlib/init/entry.s            0x00000000   Number         0  entry5.o ABSOLUTE
    ../clib/microlib/init/entry.s            0x00000000   Number         0  entry2.o ABSOLUTE
    ../clib/microlib/init/entry.s            0x00000000   Number         0  entry10a.o ABSOLUTE
    ../clib/microlib/init/entry.s            0x00000000   Number         0  entry10b.o ABSOLUTE
    ../clib/microlib/init/entry.s            0x00000000   Number         0  entry11a.o ABSOLUTE
    ../clib/microlib/init/entry.s            0x00000000   Number         0  entry.o ABSOLUTE
    ../clib/microlib/init/entry.s            0x00000000   Number         0  entry9a.o ABSOLUTE
    ../clib/microlib/longlong.c              0x00000000   Number         0  llshl.o ABSOLUTE
    ../clib/microlib/longlong.c              0x00000000   Number         0  llushr.o ABSOLUTE
    ../clib/microlib/longlong.c              0x00000000   Number         0  llsshr.o ABSOLUTE
    ../clib/microlib/string/memset.c         0x00000000   Number         0  memseta.o ABSOLUTE
    ../clib/microlib/stubs.s                 0x00000000   Number         0  iusefp.o ABSOLUTE
    ../fplib/microlib/fpadd.c                0x00000000   Number         0  dadd.o ABSOLUTE
    ../fplib/microlib/fpepilogue.c           0x00000000   Number         0  depilogue.o ABSOLUTE
    ../fplib/microlib/fpepilogue.c           0x00000000   Number         0  fepilogue.o ABSOLUTE
    ../fplib/microlib/fpfix.c                0x00000000   Number         0  dfixi.o ABSOLUTE
    ../fplib/microlib/fpflt.c                0x00000000   Number         0  dflti.o ABSOLUTE
    ../fplib/microlib/fpflt.c                0x00000000   Number         0  ffltui.o ABSOLUTE
    ../fplib/microlib/fpmul.c                0x00000000   Number         0  dmul.o ABSOLUTE
    ..\Common\Drivers\source\lpc177x_8x_clkpwr.c 0x00000000   Number         0  lpc177x_8x_clkpwr.o ABSOLUTE
    ..\Common\Drivers\source\lpc177x_8x_gpio.c 0x00000000   Number         0  lpc177x_8x_gpio.o ABSOLUTE
    ..\Common\Drivers\source\lpc177x_8x_systick.c 0x00000000   Number         0  lpc177x_8x_systick.o ABSOLUTE
    ..\\Common\\Drivers\\source\\lpc177x_8x_clkpwr.c 0x00000000   Number         0  lpc177x_8x_clkpwr.o ABSOLUTE
    ..\\Common\\Drivers\\source\\lpc177x_8x_gpio.c 0x00000000   Number         0  lpc177x_8x_gpio.o ABSOLUTE
    ..\\Common\\Drivers\\source\\lpc177x_8x_systick.c 0x00000000   Number         0  lpc177x_8x_systick.o ABSOLUTE
    BSP\\adc.c                               0x00000000   Number         0  adc.o ABSOLUTE
    BSP\\can.c                               0x00000000   Number         0  can.o ABSOLUTE
    BSP\\eeprom.c                            0x00000000   Number         0  eeprom.o ABSOLUTE
    BSP\\gpio.c                              0x00000000   Number         0  gpio.o ABSOLUTE
    BSP\\rtc.c                               0x00000000   Number         0  rtc.o ABSOLUTE
    BSP\\ssp.c                               0x00000000   Number         0  ssp.o ABSOLUTE
    BSP\\timer.c                             0x00000000   Number         0  timer.o ABSOLUTE
    BSP\\uart.c                              0x00000000   Number         0  uart.o ABSOLUTE
    BSP\\wdt.c                               0x00000000   Number         0  wdt.o ABSOLUTE
    BSP\adc.c                                0x00000000   Number         0  adc.o ABSOLUTE
    BSP\can.c                                0x00000000   Number         0  can.o ABSOLUTE
    BSP\eeprom.c                             0x00000000   Number         0  eeprom.o ABSOLUTE
    BSP\gpio.c                               0x00000000   Number         0  gpio.o ABSOLUTE
    BSP\rtc.c                                0x00000000   Number         0  rtc.o ABSOLUTE
    BSP\ssp.c                                0x00000000   Number         0  ssp.o ABSOLUTE
    BSP\timer.c                              0x00000000   Number         0  timer.o ABSOLUTE
    BSP\uart.c                               0x00000000   Number         0  uart.o ABSOLUTE
    BSP\wdt.c                                0x00000000   Number         0  wdt.o ABSOLUTE
    CMSIS_M3\\system_LPC177x_8x.c            0x00000000   Number         0  system_lpc177x_8x.o ABSOLUTE
    CMSIS_M3\core_cm3.c                      0x00000000   Number         0  core_cm3.o ABSOLUTE
    CMSIS_M3\startup_LPC177x_8x.s            0x00000000   Number         0  startup_lpc177x_8x.o ABSOLUTE
    CMSIS_M3\system_LPC177x_8x.c             0x00000000   Number         0  system_lpc177x_8x.o ABSOLUTE
    Code\\print.c                            0x00000000   Number         0  print.o ABSOLUTE
    Code\calculator.c                        0x00000000   Number         0  calculator.o ABSOLUTE
    Code\print.c                             0x00000000   Number         0  print.o ABSOLUTE
    Ports\\os_cpu_c.c                        0x00000000   Number         0  os_cpu_c.o ABSOLUTE
    Ports\os_cpu_a.asm                       0x00000000   Number         0  os_cpu_a.o ABSOLUTE
    Ports\os_cpu_c.c                         0x00000000   Number         0  os_cpu_c.o ABSOLUTE
    User\\bms.c                              0x00000000   Number         0  bms.o ABSOLUTE
    User\\fram.c                             0x00000000   Number         0  fram.o ABSOLUTE
    User\\insulation.c                       0x00000000   Number         0  insulation.o ABSOLUTE
    User\\main.c                             0x00000000   Number         0  main.o ABSOLUTE
    User\\module.c                           0x00000000   Number         0  module.o ABSOLUTE
    User\bms.c                               0x00000000   Number         0  bms.o ABSOLUTE
    User\fram.c                              0x00000000   Number         0  fram.o ABSOLUTE
    User\insulation.c                        0x00000000   Number         0  insulation.o ABSOLUTE
    User\main.c                              0x00000000   Number         0  main.o ABSOLUTE
    User\module.c                            0x00000000   Number         0  module.o ABSOLUTE
    cfrcmple.s                               0x00000000   Number         0  cfrcmple.o ABSOLUTE
    dc.s                                     0x00000000   Number         0  dc.o ABSOLUTE
    handlers.s                               0x00000000   Number         0  handlers.o ABSOLUTE
    init.s                                   0x00000000   Number         0  init.o ABSOLUTE
    uCOS-II\\os_core.c                       0x00000000   Number         0  os_core.o ABSOLUTE
    uCOS-II\\os_dbg_r.c                      0x00000000   Number         0  os_dbg_r.o ABSOLUTE
    uCOS-II\\os_flag.c                       0x00000000   Number         0  os_flag.o ABSOLUTE
    uCOS-II\\os_mbox.c                       0x00000000   Number         0  os_mbox.o ABSOLUTE
    uCOS-II\\os_mem.c                        0x00000000   Number         0  os_mem.o ABSOLUTE
    uCOS-II\\os_mutex.c                      0x00000000   Number         0  os_mutex.o ABSOLUTE
    uCOS-II\\os_q.c                          0x00000000   Number         0  os_q.o ABSOLUTE
    uCOS-II\\os_sem.c                        0x00000000   Number         0  os_sem.o ABSOLUTE
    uCOS-II\\os_task.c                       0x00000000   Number         0  os_task.o ABSOLUTE
    uCOS-II\\os_time.c                       0x00000000   Number         0  os_time.o ABSOLUTE
    uCOS-II\\os_tmr.c                        0x00000000   Number         0  os_tmr.o ABSOLUTE
    uCOS-II\os_core.c                        0x00000000   Number         0  os_core.o ABSOLUTE
    uCOS-II\os_dbg_r.c                       0x00000000   Number         0  os_dbg_r.o ABSOLUTE
    uCOS-II\os_flag.c                        0x00000000   Number         0  os_flag.o ABSOLUTE
    uCOS-II\os_mbox.c                        0x00000000   Number         0  os_mbox.o ABSOLUTE
    uCOS-II\os_mem.c                         0x00000000   Number         0  os_mem.o ABSOLUTE
    uCOS-II\os_mutex.c                       0x00000000   Number         0  os_mutex.o ABSOLUTE
    uCOS-II\os_q.c                           0x00000000   Number         0  os_q.o ABSOLUTE
    uCOS-II\os_sem.c                         0x00000000   Number         0  os_sem.o ABSOLUTE
    uCOS-II\os_task.c                        0x00000000   Number         0  os_task.o ABSOLUTE
    uCOS-II\os_time.c                        0x00000000   Number         0  os_time.o ABSOLUTE
    uCOS-II\os_tmr.c                         0x00000000   Number         0  os_tmr.o ABSOLUTE
    uCOS-II\ucos_ii.c                        0x00000000   Number         0  ucos_ii.o ABSOLUTE
    .ARM.Collect$$$$00000000                 0x000000e4   Section        0  entry.o(.ARM.Collect$$$$00000000)
    .ARM.Collect$$$$00000001                 0x000000e4   Section        4  entry2.o(.ARM.Collect$$$$00000001)
    .ARM.Collect$$$$00000004                 0x000000e8   Section        4  entry5.o(.ARM.Collect$$$$00000004)
    .ARM.Collect$$$$00000008                 0x000000ec   Section        0  entry7b.o(.ARM.Collect$$$$00000008)
    .ARM.Collect$$$$0000000A                 0x000000ec   Section        0  entry8b.o(.ARM.Collect$$$$0000000A)
    .ARM.Collect$$$$0000000B                 0x000000ec   Section        8  entry9a.o(.ARM.Collect$$$$0000000B)
    .ARM.Collect$$$$0000000D                 0x000000f4   Section        0  entry10a.o(.ARM.Collect$$$$0000000D)
    .ARM.Collect$$$$0000000F                 0x000000f4   Section        0  entry11a.o(.ARM.Collect$$$$0000000F)
    .ARM.Collect$$$$00002712                 0x000000f4   Section        4  entry2.o(.ARM.Collect$$$$00002712)
    __lit__00000000                          0x000000f4   Data           4  entry2.o(.ARM.Collect$$$$00002712)
    .text                                    0x000000f8   Section       32  startup_lpc177x_8x.o(.text)
    .text                                    0x00000118   Section        0  memseta.o(.text)
    .text                                    0x0000013c   Section       36  init.o(.text)
    UCOSII_ASM                               0x00000160   Section      232  os_cpu_a.o(UCOSII_ASM)
    i.ADCInit                                0x00000248   Section        0  adc.o(i.ADCInit)
    i.ADCMain                                0x000002a0   Section        0  adc.o(i.ADCMain)
    i.ADCRead                                0x000002b4   Section        0  adc.o(i.ADCRead)
    i.AnalyseMT31                            0x000002f4   Section        0  module.o(i.AnalyseMT31)
    AnalyseMT31                              0x000002f5   Thumb Code     8  module.o(i.AnalyseMT31)
    .ARM.__at_0x02FC                         0x000002fc   Section        4  startup_lpc177x_8x.o(.ARM.__at_0x02FC)
    i.ADCScan                                0x00000300   Section        0  adc.o(i.ADCScan)
    i.ADC_GetStat                            0x00000394   Section        0  adc.o(i.ADC_GetStat)
    i.ADC_Start                              0x000003ac   Section        0  adc.o(i.ADC_Start)
    i.AnalyseMT30                            0x000003cc   Section        0  module.o(i.AnalyseMT30)
    AnalyseMT30                              0x000003cd   Thumb Code    14  module.o(i.AnalyseMT30)
    i.AnalyseMT32                            0x000003e0   Section        0  module.o(i.AnalyseMT32)
    AnalyseMT32                              0x000003e1   Thumb Code    14  module.o(i.AnalyseMT32)
    i.AnalyseMT33                            0x000003f4   Section        0  module.o(i.AnalyseMT33)
    AnalyseMT33                              0x000003f5   Thumb Code     8  module.o(i.AnalyseMT33)
    i.AnalyseMT34                            0x000003fc   Section        0  module.o(i.AnalyseMT34)
    AnalyseMT34                              0x000003fd   Thumb Code     2  module.o(i.AnalyseMT34)
    i.AnalyseMT35                            0x00000400   Section        0  module.o(i.AnalyseMT35)
    AnalyseMT35                              0x00000401   Thumb Code    20  module.o(i.AnalyseMT35)
    i.BCL_Analyse                            0x0000041c   Section        0  bms.o(i.BCL_Analyse)
    i.BEM_Analyse                            0x0000046c   Section        0  bms.o(i.BEM_Analyse)
    i.BHM_Analyse                            0x0000048c   Section        0  bms.o(i.BHM_Analyse)
    i.BMSMain                                0x000004cc   Section        0  bms.o(i.BMSMain)
    i.BMS_CCS                                0x00000a6c   Section        0  bms.o(i.BMS_CCS)
    BMS_CCS                                  0x00000a6d   Thumb Code    80  bms.o(i.BMS_CCS)
    i.BMS_CEM                                0x00000acc   Section        0  bms.o(i.BMS_CEM)
    BMS_CEM                                  0x00000acd   Thumb Code    42  bms.o(i.BMS_CEM)
    i.BMS_CHM                                0x00000b04   Section        0  bms.o(i.BMS_CHM)
    BMS_CHM                                  0x00000b05   Thumb Code    36  bms.o(i.BMS_CHM)
    i.BMS_CML                                0x00000b34   Section        0  bms.o(i.BMS_CML)
    BMS_CML                                  0x00000b35   Thumb Code    98  bms.o(i.BMS_CML)
    i.BMS_CRM                                0x00000ba8   Section        0  bms.o(i.BMS_CRM)
    BMS_CRM                                  0x00000ba9   Thumb Code    52  bms.o(i.BMS_CRM)
    i.BMS_CRO                                0x00000be8   Section        0  bms.o(i.BMS_CRO)
    BMS_CRO                                  0x00000be9   Thumb Code    42  bms.o(i.BMS_CRO)
    i.BMS_CSD                                0x00000c20   Section        0  bms.o(i.BMS_CSD)
    BMS_CSD                                  0x00000c21   Thumb Code    52  bms.o(i.BMS_CSD)
    i.BMS_CST                                0x00000c60   Section        0  bms.o(i.BMS_CST)
    BMS_CST                                  0x00000c61   Thumb Code    42  bms.o(i.BMS_CST)
    i.BMS_CTS                                0x00000c98   Section        0  bms.o(i.BMS_CTS)
    BMS_CTS                                  0x00000c99   Thumb Code    44  bms.o(i.BMS_CTS)
    i.BMS_DataAnswerEnd                      0x00000cd0   Section        0  bms.o(i.BMS_DataAnswerEnd)
    BMS_DataAnswerEnd                        0x00000cd1   Thumb Code    62  bms.o(i.BMS_DataAnswerEnd)
    i.BMS_DataAnswerHead                     0x00000d1c   Section        0  bms.o(i.BMS_DataAnswerHead)
    BMS_DataAnswerHead                       0x00000d1d   Thumb Code    60  bms.o(i.BMS_DataAnswerHead)
    i.BMS_RECData_Pro                        0x00000d64   Section        0  bms.o(i.BMS_RECData_Pro)
    BMS_RECData_Pro                          0x00000d65   Thumb Code   240  bms.o(i.BMS_RECData_Pro)
    i.BRO_Analyse                            0x00000e74   Section        0  bms.o(i.BRO_Analyse)
    i.BSD_Analyse                            0x00000eb4   Section        0  bms.o(i.BSD_Analyse)
    i.BSM_Analyse                            0x00000ec8   Section        0  bms.o(i.BSM_Analyse)
    i.BST_Analyse                            0x0000102c   Section        0  bms.o(i.BST_Analyse)
    i.CANRCV                                 0x00001064   Section        0  can.o(i.CANRCV)
    i.CANSend                                0x000010d4   Section        0  can.o(i.CANSend)
    i.CAN_IRQHandler                         0x000011b8   Section        0  can.o(i.CAN_IRQHandler)
    i.CAN_Init                               0x00001264   Section        0  can.o(i.CAN_Init)
    i.CLKPWR_GetCLK                          0x00001398   Section        0  lpc177x_8x_clkpwr.o(i.CLKPWR_GetCLK)
    i.ChargeStart                            0x000013d8   Section        0  bms.o(i.ChargeStart)
    i.ChargeStop                             0x000013e0   Section        0  bms.o(i.ChargeStop)
    i.ChargerMsgInit                         0x000013f4   Section        0  bms.o(i.ChargerMsgInit)
    ChargerMsgInit                           0x000013f5   Thumb Code   114  bms.o(i.ChargerMsgInit)
    i.DataPackCEB_Analyse                    0x00001478   Section        0  bms.o(i.DataPackCEB_Analyse)
    i.DataPackCEC_Analyse                    0x000015e0   Section        0  bms.o(i.DataPackCEC_Analyse)
    i.EepromInit                             0x000017dc   Section        0  eeprom.o(i.EepromInit)
    i.EepromRead                             0x00001858   Section        0  eeprom.o(i.EepromRead)
    i.Enter_SWRst                            0x0000199c   Section        0  can.o(i.Enter_SWRst)
    i.ExRTCSet                               0x000019c8   Section        0  rtc.o(i.ExRTCSet)
    i.GPIOInit                               0x000019e0   Section        0  gpio.o(i.GPIOInit)
    i.GetInsulationResistor                  0x00001a60   Section        0  insulation.o(i.GetInsulationResistor)
    GetInsulationResistor                    0x00001a61   Thumb Code    76  insulation.o(i.GetInsulationResistor)
    i.InitiateMT30                           0x00001abc   Section        0  module.o(i.InitiateMT30)
    InitiateMT30                             0x00001abd   Thumb Code    60  module.o(i.InitiateMT30)
    i.InitiateMT31                           0x00001b08   Section        0  module.o(i.InitiateMT31)
    InitiateMT31                             0x00001b09   Thumb Code   290  module.o(i.InitiateMT31)
    i.InitiateMT33                           0x00001c3c   Section        0  module.o(i.InitiateMT33)
    InitiateMT33                             0x00001c3d   Thumb Code    62  module.o(i.InitiateMT33)
    i.InitiateMT34                           0x00001c8c   Section        0  module.o(i.InitiateMT34)
    InitiateMT34                             0x00001c8d   Thumb Code    78  module.o(i.InitiateMT34)
    i.InitiateMT35                           0x00001cf0   Section        0  module.o(i.InitiateMT35)
    InitiateMT35                             0x00001cf1   Thumb Code   304  module.o(i.InitiateMT35)
    i.InsulationMain                         0x00001e38   Section        0  insulation.o(i.InsulationMain)
    i.InsulationSendFrame                    0x00001f0c   Section        0  insulation.o(i.InsulationSendFrame)
    InsulationSendFrame                      0x00001f0d   Thumb Code    80  insulation.o(i.InsulationSendFrame)
    i.MODBUS_CRC                             0x00001f5c   Section        0  calculator.o(i.MODBUS_CRC)
    i.ModuleMain                             0x00001f98   Section        0  module.o(i.ModuleMain)
    i.ModuleSet                              0x000022c8   Section        0  module.o(i.ModuleSet)
    ModuleSet                                0x000022c9   Thumb Code   624  module.o(i.ModuleSet)
    i.Module_RECData_Pro                     0x00002554   Section        0  module.o(i.Module_RECData_Pro)
    Module_RECData_Pro                       0x00002555   Thumb Code   672  module.o(i.Module_RECData_Pro)
    i.NVIC_EnableIRQ                         0x0000282c   Section        0  uart.o(i.NVIC_EnableIRQ)
    NVIC_EnableIRQ                           0x0000282d   Thumb Code    22  uart.o(i.NVIC_EnableIRQ)
    i.OSDebugInit                            0x00002844   Section        0  os_dbg_r.o(i.OSDebugInit)
    i.OSEventNameSet                         0x000029a0   Section        0  os_core.o(i.OSEventNameSet)
    i.OSInit                                 0x000029f0   Section        0  os_core.o(i.OSInit)
    i.OSInitHookBegin                        0x00002a28   Section        0  os_cpu_c.o(i.OSInitHookBegin)
    i.OSInitHookEnd                          0x00002a34   Section        0  os_cpu_c.o(i.OSInitHookEnd)
    i.OSIntExit                              0x00002a38   Section        0  os_core.o(i.OSIntExit)
    i.OSSchedLock                            0x00002ac4   Section        0  os_core.o(i.OSSchedLock)
    i.OSSchedUnlock                          0x00002afc   Section        0  os_core.o(i.OSSchedUnlock)
    i.OSSemCreate                            0x00002b50   Section        0  os_sem.o(i.OSSemCreate)
    i.OSSemPend                              0x00002ba0   Section        0  os_sem.o(i.OSSemPend)
    i.OSSemPost                              0x00002c80   Section        0  os_sem.o(i.OSSemPost)
    i.OSStart                                0x00002cd0   Section        0  os_core.o(i.OSStart)
    i.OSStatInit                             0x00002d18   Section        0  os_core.o(i.OSStatInit)
    i.OSTCBInitHook                          0x00002d58   Section        0  os_cpu_c.o(i.OSTCBInitHook)
    i.OSTaskCreate                           0x00002d5c   Section        0  os_task.o(i.OSTaskCreate)
    i.OSTaskCreateExt                        0x00002dec   Section        0  os_task.o(i.OSTaskCreateExt)
    i.OSTaskCreateHook                       0x00002e90   Section        0  os_cpu_c.o(i.OSTaskCreateHook)
    i.OSTaskIdleHook                         0x00002e92   Section        0  os_cpu_c.o(i.OSTaskIdleHook)
    i.OSTaskNameSet                          0x00002e94   Section        0  os_task.o(i.OSTaskNameSet)
    i.OSTaskStatHook                         0x00002ef8   Section        0  os_cpu_c.o(i.OSTaskStatHook)
    i.OSTaskStkChk                           0x00002efc   Section        0  os_task.o(i.OSTaskStkChk)
    i.OSTaskStkInit                          0x00002f7c   Section        0  os_cpu_c.o(i.OSTaskStkInit)
    i.OSTaskSuspend                          0x00003018   Section        0  os_task.o(i.OSTaskSuspend)
    i.OSTaskSwHook                           0x000030b4   Section        0  os_cpu_c.o(i.OSTaskSwHook)
    i.OSTimeDly                              0x000030b8   Section        0  os_time.o(i.OSTimeDly)
    i.OSTimeDlyHMSM                          0x0000312c   Section        0  os_time.o(i.OSTimeDlyHMSM)
    i.OSTimeTick                             0x0000318c   Section        0  os_core.o(i.OSTimeTick)
    i.OSTimeTickHook                         0x0000326c   Section        0  os_cpu_c.o(i.OSTimeTickHook)
    i.OSTmrSignal                            0x00003290   Section        0  os_tmr.o(i.OSTmrSignal)
    i.OSTmr_Init                             0x000032a4   Section        0  os_tmr.o(i.OSTmr_Init)
    i.OSTmr_InitTask                         0x00003398   Section        0  os_tmr.o(i.OSTmr_InitTask)
    OSTmr_InitTask                           0x00003399   Thumb Code    50  os_tmr.o(i.OSTmr_InitTask)
    i.OSTmr_Link                             0x000033e8   Section        0  os_tmr.o(i.OSTmr_Link)
    OSTmr_Link                               0x000033e9   Thumb Code   100  os_tmr.o(i.OSTmr_Link)
    i.OSTmr_Task                             0x00003454   Section        0  os_tmr.o(i.OSTmr_Task)
    OSTmr_Task                               0x00003455   Thumb Code   114  os_tmr.o(i.OSTmr_Task)
    i.OSTmr_Unlink                           0x000034d4   Section        0  os_tmr.o(i.OSTmr_Unlink)
    OSTmr_Unlink                             0x000034d5   Thumb Code    62  os_tmr.o(i.OSTmr_Unlink)
    i.OS_EventTaskRdy                        0x00003518   Section        0  os_core.o(i.OS_EventTaskRdy)
    i.OS_EventTaskRemove                     0x000035a8   Section        0  os_core.o(i.OS_EventTaskRemove)
    i.OS_EventTaskRemoveMulti                0x000035d2   Section        0  os_core.o(i.OS_EventTaskRemoveMulti)
    i.OS_EventTaskWait                       0x0000360c   Section        0  os_core.o(i.OS_EventTaskWait)
    i.OS_EventWaitListInit                   0x00003688   Section        0  os_core.o(i.OS_EventWaitListInit)
    i.OS_FlagInit                            0x000036a4   Section        0  os_flag.o(i.OS_FlagInit)
    i.OS_InitEventList                       0x000036fc   Section        0  os_core.o(i.OS_InitEventList)
    OS_InitEventList                         0x000036fd   Thumb Code    82  os_core.o(i.OS_InitEventList)
    i.OS_InitMisc                            0x0000375c   Section        0  os_core.o(i.OS_InitMisc)
    OS_InitMisc                              0x0000375d   Thumb Code    44  os_core.o(i.OS_InitMisc)
    i.OS_InitRdyList                         0x000037b0   Section        0  os_core.o(i.OS_InitRdyList)
    OS_InitRdyList                           0x000037b1   Thumb Code    44  os_core.o(i.OS_InitRdyList)
    i.OS_InitTCBList                         0x000037f4   Section        0  os_core.o(i.OS_InitTCBList)
    OS_InitTCBList                           0x000037f5   Thumb Code   106  os_core.o(i.OS_InitTCBList)
    i.OS_InitTaskIdle                        0x00003874   Section        0  os_core.o(i.OS_InitTaskIdle)
    OS_InitTaskIdle                          0x00003875   Thumb Code    50  os_core.o(i.OS_InitTaskIdle)
    i.OS_InitTaskStat                        0x000038c4   Section        0  os_core.o(i.OS_InitTaskStat)
    OS_InitTaskStat                          0x000038c5   Thumb Code    50  os_core.o(i.OS_InitTaskStat)
    i.OS_MemClr                              0x00003914   Section        0  os_core.o(i.OS_MemClr)
    i.OS_MemInit                             0x00003928   Section        0  os_mem.o(i.OS_MemInit)
    i.OS_QInit                               0x00003980   Section        0  os_q.o(i.OS_QInit)
    i.OS_Sched                               0x000039d0   Section        0  os_core.o(i.OS_Sched)
    i.OS_SchedNew                            0x00003a40   Section        0  os_core.o(i.OS_SchedNew)
    OS_SchedNew                              0x00003a41   Thumb Code    26  os_core.o(i.OS_SchedNew)
    i.OS_TCBInit                             0x00003a6c   Section        0  os_core.o(i.OS_TCBInit)
    i.OS_TaskIdle                            0x00003b94   Section        0  os_core.o(i.OS_TaskIdle)
    i.OS_TaskStat                            0x00003bb4   Section        0  os_core.o(i.OS_TaskStat)
    i.OS_TaskStatStkChk                      0x00003c38   Section        0  os_core.o(i.OS_TaskStatStkChk)
    i.OS_TaskStkClr                          0x00003c74   Section        0  os_task.o(i.OS_TaskStkClr)
    i.Quit_SWRst                             0x00003c90   Section        0  can.o(i.Quit_SWRst)
    i.RTCInit                                0x00003cc0   Section        0  rtc.o(i.RTCInit)
    i.RTC_IRQHandler                         0x00003d90   Section        0  rtc.o(i.RTC_IRQHandler)
    i.SSP0_Init                              0x00003e98   Section        0  ssp.o(i.SSP0_Init)
    i.SSP2_Init                              0x00003f10   Section        0  ssp.o(i.SSP2_Init)
    i.SystemInit                             0x00003fa0   Section        0  system_lpc177x_8x.o(i.SystemInit)
    i.SystemParameterInit                    0x0000406c   Section        0  main.o(i.SystemParameterInit)
    SystemParameterInit                      0x0000406d   Thumb Code    78  main.o(i.SystemParameterInit)
    i.TIMER0_IRQHandler                      0x000040c8   Section        0  timer.o(i.TIMER0_IRQHandler)
    i.Timer0Init                             0x00004120   Section        0  timer.o(i.Timer0Init)
    i.UART0Init                              0x0000419c   Section        0  uart.o(i.UART0Init)
    i.UART0RxbufClear                        0x0000421c   Section        0  uart.o(i.UART0RxbufClear)
    i.UART0_IRQHandler                       0x0000424c   Section        0  uart.o(i.UART0_IRQHandler)
    i.UART1Init                              0x00004384   Section        0  uart.o(i.UART1Init)
    i.UART1RxbufClear                        0x00004418   Section        0  uart.o(i.UART1RxbufClear)
    i.UART1SendByte                          0x00004448   Section        0  uart.o(i.UART1SendByte)
    i.UART1SendStr                           0x00004460   Section        0  uart.o(i.UART1SendStr)
    i.UART1_IRQHandler                       0x0000447c   Section        0  uart.o(i.UART1_IRQHandler)
    i.UART2Init                              0x000045b4   Section        0  uart.o(i.UART2Init)
    i.UART2RxbufClear                        0x00004654   Section        0  uart.o(i.UART2RxbufClear)
    i.UART2_IRQHandler                       0x00004684   Section        0  uart.o(i.UART2_IRQHandler)
    i.UART3Init                              0x000047bc   Section        0  uart.o(i.UART3Init)
    i.UART3RxbufClear                        0x00004850   Section        0  uart.o(i.UART3RxbufClear)
    i.UART3_IRQHandler                       0x00004880   Section        0  uart.o(i.UART3_IRQHandler)
    i.UART4Init                              0x000049b8   Section        0  uart.o(i.UART4Init)
    i.UART4RxbufClear                        0x00004a4c   Section        0  uart.o(i.UART4RxbufClear)
    i.UART4_IRQHandler                       0x00004a7c   Section        0  uart.o(i.UART4_IRQHandler)
    i.WriteCAN0                              0x00004bbc   Section        0  can.o(i.WriteCAN0)
    i.WriteCAN1                              0x00004c34   Section        0  can.o(i.WriteCAN1)
    i.__scatterload_copy                     0x00004cac   Section       14  handlers.o(i.__scatterload_copy)
    i.__scatterload_null                     0x00004cba   Section        2  handlers.o(i.__scatterload_null)
    i.__scatterload_zeroinit                 0x00004cbc   Section       14  handlers.o(i.__scatterload_zeroinit)
    i.main                                   0x00004ccc   Section        0  main.o(i.main)
    i.taskADC                                0x00004d4c   Section        0  main.o(i.taskADC)
    taskADC                                  0x00004d4d   Thumb Code    10  main.o(i.taskADC)
    i.taskBMS                                0x00004d56   Section        0  main.o(i.taskBMS)
    taskBMS                                  0x00004d57   Thumb Code    10  main.o(i.taskBMS)
    i.taskInsulation                         0x00004d60   Section        0  main.o(i.taskInsulation)
    taskInsulation                           0x00004d61   Thumb Code    10  main.o(i.taskInsulation)
    i.taskModule                             0x00004d6a   Section        0  main.o(i.taskModule)
    taskModule                               0x00004d6b   Thumb Code    10  main.o(i.taskModule)
    i.taskStart                              0x00004d74   Section        0  main.o(i.taskStart)
    taskStart                                0x00004d75   Thumb Code    66  main.o(i.taskStart)
    i.tickISRHandler                         0x00004dd8   Section        0  os_cpu_c.o(i.tickISRHandler)
    i.tick_init                              0x00004dfc   Section        0  os_cpu_c.o(i.tick_init)
    .constdata                               0x00004e60   Section      256  os_core.o(.constdata)
    .constdata                               0x00004f60   Section      116  os_dbg_r.o(.constdata)
    .data                                    0x10000000   Section        2  bms.o(.data)
    .data                                    0x10000004   Section        9  module.o(.data)
    PowerDividerFlag                         0x1000000c   Data           1  module.o(.data)
    .data                                    0x10000010   Section       12  insulation.o(.data)
    .data                                    0x1000001c   Section        4  adc.o(.data)
    .data                                    0x10000020   Section       77  uart.o(.data)
    .data                                    0x10000070   Section       28  can.o(.data)
    .data                                    0x1000008c   Section       29  rtc.o(.data)
    tmp                                      0x100000a8   Data           1  rtc.o(.data)
    .data                                    0x100000a9   Section        1  timer.o(.data)
    WDTCnt                                   0x100000a9   Data           1  timer.o(.data)
    .data                                    0x100000ac   Section       16  system_lpc177x_8x.o(.data)
    .data                                    0x100000bc   Section        6  os_cpu_c.o(.data)
    OSTmrCtr                                 0x100000c0   Data           2  os_cpu_c.o(.data)
    .data                                    0x100000c4   Section       96  os_core.o(.data)
    .bss                                     0x10000124   Section     6414  main.o(.bss)
    GstkStart                                0x10000124   Data         400  main.o(.bss)
    GstkADC                                  0x100002b4   Data         800  main.o(.bss)
    GstkBMS                                  0x100005d4   Data        2000  main.o(.bss)
    GstkModule                               0x10000da4   Data        2000  main.o(.bss)
    GstkInsulation                           0x10001574   Data        1200  main.o(.bss)
    .bss                                     0x10001a34   Section      232  bms.o(.bss)
    .bss                                     0x10001b1c   Section       52  module.o(.bss)
    .bss                                     0x10001b50   Section      640  uart.o(.bss)
    .bss                                     0x10001dd0   Section      368  can.o(.bss)
    .bss                                     0x10001f40   Section     4968  os_core.o(.bss)
    STACK                                    0x100032a8   Section      512  startup_lpc177x_8x.o(STACK)

    Global Symbols

    Symbol Name                              Value     Ov Type        Size  Object(Section)

    BuildAttributes$$THM_ISAv4$P$D$K$B$S$PE$A:L22UL41UL21$X:L11$S22US41US21$IEEE1$IW$USESV6$~STKCKD$USESV7$~SHL$OTIME$ROPI$EBA8$MICROLIB$REQ8$PRES8$EABIv2 0x00000000   Number         0  anon$$obj.o ABSOLUTE
    __ARM_use_no_argv                        0x00000000   Number         0  main.o ABSOLUTE
    __Vectors                                0x00000000   Data           4  startup_lpc177x_8x.o(RESET)
    __cpp_initialize__aeabi_                  - Undefined Weak Reference
    __cxa_finalize                            - Undefined Weak Reference
    __decompress                              - Undefined Weak Reference
    _clock_init                               - Undefined Weak Reference
    _microlib_exit                            - Undefined Weak Reference
    __main                                   0x000000e5   Thumb Code     0  entry.o(.ARM.Collect$$$$00000000)
    _main_stk                                0x000000e5   Thumb Code     0  entry2.o(.ARM.Collect$$$$00000001)
    _main_scatterload                        0x000000e9   Thumb Code     0  entry5.o(.ARM.Collect$$$$00000004)
    __main_after_scatterload                 0x000000ed   Thumb Code     0  entry5.o(.ARM.Collect$$$$00000004)
    _main_clock                              0x000000ed   Thumb Code     0  entry7b.o(.ARM.Collect$$$$00000008)
    _main_cpp_init                           0x000000ed   Thumb Code     0  entry8b.o(.ARM.Collect$$$$0000000A)
    _main_init                               0x000000ed   Thumb Code     0  entry9a.o(.ARM.Collect$$$$0000000B)
    __rt_final_cpp                           0x000000f5   Thumb Code     0  entry10a.o(.ARM.Collect$$$$0000000D)
    __rt_final_exit                          0x000000f5   Thumb Code     0  entry11a.o(.ARM.Collect$$$$0000000F)
    Reset_Handler                            0x000000f9   Thumb Code     8  startup_lpc177x_8x.o(.text)
    NMI_Handler                              0x00000101   Thumb Code     2  startup_lpc177x_8x.o(.text)
    HardFault_Handler                        0x00000103   Thumb Code     2  startup_lpc177x_8x.o(.text)
    MemManage_Handler                        0x00000105   Thumb Code     2  startup_lpc177x_8x.o(.text)
    BusFault_Handler                         0x00000107   Thumb Code     2  startup_lpc177x_8x.o(.text)
    UsageFault_Handler                       0x00000109   Thumb Code     2  startup_lpc177x_8x.o(.text)
    SVC_Handler                              0x0000010b   Thumb Code     2  startup_lpc177x_8x.o(.text)
    DebugMon_Handler                         0x0000010d   Thumb Code     2  startup_lpc177x_8x.o(.text)
    ADC_IRQHandler                           0x0000010f   Thumb Code     0  startup_lpc177x_8x.o(.text)
    BOD_IRQHandler                           0x0000010f   Thumb Code     0  startup_lpc177x_8x.o(.text)
    CANActivity_IRQHandler                   0x0000010f   Thumb Code     0  startup_lpc177x_8x.o(.text)
    DMA_IRQHandler                           0x0000010f   Thumb Code     0  startup_lpc177x_8x.o(.text)
    EEPROM_IRQHandler                        0x0000010f   Thumb Code     0  startup_lpc177x_8x.o(.text)
    EINT0_IRQHandler                         0x0000010f   Thumb Code     0  startup_lpc177x_8x.o(.text)
    EINT1_IRQHandler                         0x0000010f   Thumb Code     0  startup_lpc177x_8x.o(.text)
    EINT2_IRQHandler                         0x0000010f   Thumb Code     0  startup_lpc177x_8x.o(.text)
    EINT3_IRQHandler                         0x0000010f   Thumb Code     0  startup_lpc177x_8x.o(.text)
    ENET_IRQHandler                          0x0000010f   Thumb Code     0  startup_lpc177x_8x.o(.text)
    GPIO_IRQHandler                          0x0000010f   Thumb Code     0  startup_lpc177x_8x.o(.text)
    I2C0_IRQHandler                          0x0000010f   Thumb Code     0  startup_lpc177x_8x.o(.text)
    I2C1_IRQHandler                          0x0000010f   Thumb Code     0  startup_lpc177x_8x.o(.text)
    I2C2_IRQHandler                          0x0000010f   Thumb Code     0  startup_lpc177x_8x.o(.text)
    I2S_IRQHandler                           0x0000010f   Thumb Code     0  startup_lpc177x_8x.o(.text)
    LCD_IRQHandler                           0x0000010f   Thumb Code     0  startup_lpc177x_8x.o(.text)
    MCI_IRQHandler                           0x0000010f   Thumb Code     0  startup_lpc177x_8x.o(.text)
    MCPWM_IRQHandler                         0x0000010f   Thumb Code     0  startup_lpc177x_8x.o(.text)
    PLL0_IRQHandler                          0x0000010f   Thumb Code     0  startup_lpc177x_8x.o(.text)
    PLL1_IRQHandler                          0x0000010f   Thumb Code     0  startup_lpc177x_8x.o(.text)
    PWM0_IRQHandler                          0x0000010f   Thumb Code     0  startup_lpc177x_8x.o(.text)
    PWM1_IRQHandler                          0x0000010f   Thumb Code     0  startup_lpc177x_8x.o(.text)
    QEI_IRQHandler                           0x0000010f   Thumb Code     0  startup_lpc177x_8x.o(.text)
    SPIFI_IRQHandler                         0x0000010f   Thumb Code     0  startup_lpc177x_8x.o(.text)
    SSP0_IRQHandler                          0x0000010f   Thumb Code     0  startup_lpc177x_8x.o(.text)
    SSP1_IRQHandler                          0x0000010f   Thumb Code     0  startup_lpc177x_8x.o(.text)
    SSP2_IRQHandler                          0x0000010f   Thumb Code     0  startup_lpc177x_8x.o(.text)
    TIMER1_IRQHandler                        0x0000010f   Thumb Code     0  startup_lpc177x_8x.o(.text)
    TIMER2_IRQHandler                        0x0000010f   Thumb Code     0  startup_lpc177x_8x.o(.text)
    TIMER3_IRQHandler                        0x0000010f   Thumb Code     0  startup_lpc177x_8x.o(.text)
    USBActivity_IRQHandler                   0x0000010f   Thumb Code     0  startup_lpc177x_8x.o(.text)
    USB_IRQHandler                           0x0000010f   Thumb Code     0  startup_lpc177x_8x.o(.text)
    WDT_IRQHandler                           0x0000010f   Thumb Code     0  startup_lpc177x_8x.o(.text)
    __aeabi_memset                           0x00000119   Thumb Code    14  memseta.o(.text)
    __aeabi_memset4                          0x00000119   Thumb Code     0  memseta.o(.text)
    __aeabi_memset8                          0x00000119   Thumb Code     0  memseta.o(.text)
    __aeabi_memclr                           0x00000127   Thumb Code     4  memseta.o(.text)
    __aeabi_memclr4                          0x00000127   Thumb Code     0  memseta.o(.text)
    __aeabi_memclr8                          0x00000127   Thumb Code     0  memseta.o(.text)
    _memset$wrapper                          0x0000012b   Thumb Code    18  memseta.o(.text)
    __scatterload                            0x0000013d   Thumb Code    28  init.o(.text)
    __scatterload_rt2                        0x0000013d   Thumb Code     0  init.o(.text)
    OS_ENTER_CRITICAL                        0x00000161   Thumb Code     0  os_cpu_a.o(UCOSII_ASM)
    OS_EXIT_CRITICAL                         0x00000173   Thumb Code     0  os_cpu_a.o(UCOSII_ASM)
    OSStartHighRdy                           0x0000018f   Thumb Code     0  os_cpu_a.o(UCOSII_ASM)
    OSCtxSw                                  0x000001b1   Thumb Code     0  os_cpu_a.o(UCOSII_ASM)
    OSIntCtxSw                               0x000001bf   Thumb Code     0  os_cpu_a.o(UCOSII_ASM)
    OSPendSV                                 0x000001cf   Thumb Code     0  os_cpu_a.o(UCOSII_ASM)
    intDisAll                                0x0000021d   Thumb Code     0  os_cpu_a.o(UCOSII_ASM)
    ADCInit                                  0x00000249   Thumb Code    72  adc.o(i.ADCInit)
    ADCMain                                  0x000002a1   Thumb Code    20  adc.o(i.ADCMain)
    ADCRead                                  0x000002b5   Thumb Code    58  adc.o(i.ADCRead)
    ADCScan                                  0x00000301   Thumb Code   144  adc.o(i.ADCScan)
    ADC_GetStat                              0x00000395   Thumb Code    18  adc.o(i.ADC_GetStat)
    ADC_Start                                0x000003ad   Thumb Code    26  adc.o(i.ADC_Start)
    BCL_Analyse                              0x0000041d   Thumb Code    66  bms.o(i.BCL_Analyse)
    BEM_Analyse                              0x0000046d   Thumb Code    18  bms.o(i.BEM_Analyse)
    BHM_Analyse                              0x0000048d   Thumb Code    48  bms.o(i.BHM_Analyse)
    BMSMain                                  0x000004cd   Thumb Code  1424  bms.o(i.BMSMain)
    BRO_Analyse                              0x00000e75   Thumb Code    50  bms.o(i.BRO_Analyse)
    BSD_Analyse                              0x00000eb5   Thumb Code    14  bms.o(i.BSD_Analyse)
    BSM_Analyse                              0x00000ec9   Thumb Code   338  bms.o(i.BSM_Analyse)
    BST_Analyse                              0x0000102d   Thumb Code    46  bms.o(i.BST_Analyse)
    CANRCV                                   0x00001065   Thumb Code   106  can.o(i.CANRCV)
    CANSend                                  0x000010d5   Thumb Code   214  can.o(i.CANSend)
    CAN_IRQHandler                           0x000011b9   Thumb Code   152  can.o(i.CAN_IRQHandler)
    CAN_Init                                 0x00001265   Thumb Code   286  can.o(i.CAN_Init)
    CLKPWR_GetCLK                            0x00001399   Thumb Code    46  lpc177x_8x_clkpwr.o(i.CLKPWR_GetCLK)
    ChargeStart                              0x000013d9   Thumb Code     8  bms.o(i.ChargeStart)
    ChargeStop                               0x000013e1   Thumb Code    14  bms.o(i.ChargeStop)
    DataPackCEB_Analyse                      0x00001479   Thumb Code   334  bms.o(i.DataPackCEB_Analyse)
    DataPackCEC_Analyse                      0x000015e1   Thumb Code   494  bms.o(i.DataPackCEC_Analyse)
    EepromInit                               0x000017dd   Thumb Code   106  eeprom.o(i.EepromInit)
    EepromRead                               0x00001859   Thumb Code   318  eeprom.o(i.EepromRead)
    Enter_SWRst                              0x0000199d   Thumb Code    40  can.o(i.Enter_SWRst)
    ExRTCSet                                 0x000019c9   Thumb Code    24  rtc.o(i.ExRTCSet)
    GPIOInit                                 0x000019e1   Thumb Code   122  gpio.o(i.GPIOInit)
    InsulationMain                           0x00001e39   Thumb Code   184  insulation.o(i.InsulationMain)
    MODBUS_CRC                               0x00001f5d   Thumb Code    58  calculator.o(i.MODBUS_CRC)
    ModuleMain                               0x00001f99   Thumb Code   790  module.o(i.ModuleMain)
    OSDebugInit                              0x00002845   Thumb Code   118  os_dbg_r.o(i.OSDebugInit)
    OSEventNameSet                           0x000029a1   Thumb Code    74  os_core.o(i.OSEventNameSet)
    OSInit                                   0x000029f1   Thumb Code    56  os_core.o(i.OSInit)
    OSInitHookBegin                          0x00002a29   Thumb Code     8  os_cpu_c.o(i.OSInitHookBegin)
    OSInitHookEnd                            0x00002a35   Thumb Code     2  os_cpu_c.o(i.OSInitHookEnd)
    OSIntExit                                0x00002a39   Thumb Code   106  os_core.o(i.OSIntExit)
    OSSchedLock                              0x00002ac5   Thumb Code    44  os_core.o(i.OSSchedLock)
    OSSchedUnlock                            0x00002afd   Thumb Code    70  os_core.o(i.OSSchedUnlock)
    OSSemCreate                              0x00002b51   Thumb Code    66  os_sem.o(i.OSSemCreate)
    OSSemPend                                0x00002ba1   Thumb Code   212  os_sem.o(i.OSSemPend)
    OSSemPost                                0x00002c81   Thumb Code    78  os_sem.o(i.OSSemPost)
    OSStart                                  0x00002cd1   Thumb Code    48  os_core.o(i.OSStart)
    OSStatInit                               0x00002d19   Thumb Code    52  os_core.o(i.OSStatInit)
    OSTCBInitHook                            0x00002d59   Thumb Code     2  os_cpu_c.o(i.OSTCBInitHook)
    OSTaskCreate                             0x00002d5d   Thumb Code   132  os_task.o(i.OSTaskCreate)
    OSTaskCreateExt                          0x00002ded   Thumb Code   152  os_task.o(i.OSTaskCreateExt)
    OSTaskCreateHook                         0x00002e91   Thumb Code     2  os_cpu_c.o(i.OSTaskCreateHook)
    OSTaskIdleHook                           0x00002e93   Thumb Code     2  os_cpu_c.o(i.OSTaskIdleHook)
    OSTaskNameSet                            0x00002e95   Thumb Code    86  os_task.o(i.OSTaskNameSet)
    OSTaskStatHook                           0x00002ef9   Thumb Code     2  os_cpu_c.o(i.OSTaskStatHook)
    OSTaskStkChk                             0x00002efd   Thumb Code   118  os_task.o(i.OSTaskStkChk)
    OSTaskStkInit                            0x00002f7d   Thumb Code   154  os_cpu_c.o(i.OSTaskStkInit)
    OSTaskSuspend                            0x00003019   Thumb Code   140  os_task.o(i.OSTaskSuspend)
    OSTaskSwHook                             0x000030b5   Thumb Code     2  os_cpu_c.o(i.OSTaskSwHook)
    OSTimeDly                                0x000030b9   Thumb Code    94  os_time.o(i.OSTimeDly)
    OSTimeDlyHMSM                            0x0000312d   Thumb Code    86  os_time.o(i.OSTimeDlyHMSM)
    OSTimeTick                               0x0000318d   Thumb Code   200  os_core.o(i.OSTimeTick)
    OSTimeTickHook                           0x0000326d   Thumb Code    30  os_cpu_c.o(i.OSTimeTickHook)
    OSTmrSignal                              0x00003291   Thumb Code    16  os_tmr.o(i.OSTmrSignal)
    OSTmr_Init                               0x000032a5   Thumb Code   168  os_tmr.o(i.OSTmr_Init)
    OS_EventTaskRdy                          0x00003519   Thumb Code   128  os_core.o(i.OS_EventTaskRdy)
    OS_EventTaskRemove                       0x000035a9   Thumb Code    42  os_core.o(i.OS_EventTaskRemove)
    OS_EventTaskRemoveMulti                  0x000035d3   Thumb Code    58  os_core.o(i.OS_EventTaskRemoveMulti)
    OS_EventTaskWait                         0x0000360d   Thumb Code   112  os_core.o(i.OS_EventTaskWait)
    OS_EventWaitListInit                     0x00003689   Thumb Code    28  os_core.o(i.OS_EventWaitListInit)
    OS_FlagInit                              0x000036a5   Thumb Code    74  os_flag.o(i.OS_FlagInit)
    OS_MemClr                                0x00003915   Thumb Code    18  os_core.o(i.OS_MemClr)
    OS_MemInit                               0x00003929   Thumb Code    74  os_mem.o(i.OS_MemInit)
    OS_QInit                                 0x00003981   Thumb Code    72  os_q.o(i.OS_QInit)
    OS_Sched                                 0x000039d1   Thumb Code    82  os_core.o(i.OS_Sched)
    OS_TCBInit                               0x00003a6d   Thumb Code   266  os_core.o(i.OS_TCBInit)
    OS_TaskIdle                              0x00003b95   Thumb Code    28  os_core.o(i.OS_TaskIdle)
    OS_TaskStat                              0x00003bb5   Thumb Code   110  os_core.o(i.OS_TaskStat)
    OS_TaskStatStkChk                        0x00003c39   Thumb Code    54  os_core.o(i.OS_TaskStatStkChk)
    OS_TaskStkClr                            0x00003c75   Thumb Code    26  os_task.o(i.OS_TaskStkClr)
    Quit_SWRst                               0x00003c91   Thumb Code    42  can.o(i.Quit_SWRst)
    RTCInit                                  0x00003cc1   Thumb Code   190  rtc.o(i.RTCInit)
    RTC_IRQHandler                           0x00003d91   Thumb Code   222  rtc.o(i.RTC_IRQHandler)
    SSP0_Init                                0x00003e99   Thumb Code   106  ssp.o(i.SSP0_Init)
    SSP2_Init                                0x00003f11   Thumb Code   132  ssp.o(i.SSP2_Init)
    SystemInit                               0x00003fa1   Thumb Code   188  system_lpc177x_8x.o(i.SystemInit)
    TIMER0_IRQHandler                        0x000040c9   Thumb Code    80  timer.o(i.TIMER0_IRQHandler)
    Timer0Init                               0x00004121   Thumb Code   108  timer.o(i.Timer0Init)
    UART0Init                                0x0000419d   Thumb Code   110  uart.o(i.UART0Init)
    UART0RxbufClear                          0x0000421d   Thumb Code    34  uart.o(i.UART0RxbufClear)
    UART0_IRQHandler                         0x0000424d   Thumb Code   290  uart.o(i.UART0_IRQHandler)
    UART1Init                                0x00004385   Thumb Code   126  uart.o(i.UART1Init)
    UART1RxbufClear                          0x00004419   Thumb Code    34  uart.o(i.UART1RxbufClear)
    UART1SendByte                            0x00004449   Thumb Code    20  uart.o(i.UART1SendByte)
    UART1SendStr                             0x00004461   Thumb Code    26  uart.o(i.UART1SendStr)
    UART1_IRQHandler                         0x0000447d   Thumb Code   290  uart.o(i.UART1_IRQHandler)
    UART2Init                                0x000045b5   Thumb Code   140  uart.o(i.UART2Init)
    UART2RxbufClear                          0x00004655   Thumb Code    34  uart.o(i.UART2RxbufClear)
    UART2_IRQHandler                         0x00004685   Thumb Code   290  uart.o(i.UART2_IRQHandler)
    UART3Init                                0x000047bd   Thumb Code   126  uart.o(i.UART3Init)
    UART3RxbufClear                          0x00004851   Thumb Code    34  uart.o(i.UART3RxbufClear)
    UART3_IRQHandler                         0x00004881   Thumb Code   290  uart.o(i.UART3_IRQHandler)
    UART4Init                                0x000049b9   Thumb Code   128  uart.o(i.UART4Init)
    UART4RxbufClear                          0x00004a4d   Thumb Code    34  uart.o(i.UART4RxbufClear)
    UART4_IRQHandler                         0x00004a7d   Thumb Code   298  uart.o(i.UART4_IRQHandler)
    WriteCAN0                                0x00004bbd   Thumb Code   116  can.o(i.WriteCAN0)
    WriteCAN1                                0x00004c35   Thumb Code   116  can.o(i.WriteCAN1)
    __scatterload_copy                       0x00004cad   Thumb Code    14  handlers.o(i.__scatterload_copy)
    __scatterload_null                       0x00004cbb   Thumb Code     2  handlers.o(i.__scatterload_null)
    __scatterload_zeroinit                   0x00004cbd   Thumb Code    14  handlers.o(i.__scatterload_zeroinit)
    main                                     0x00004ccd   Thumb Code   106  main.o(i.main)
    tickISRHandler                           0x00004dd9   Thumb Code    30  os_cpu_c.o(i.tickISRHandler)
    tick_init                                0x00004dfd   Thumb Code    90  os_cpu_c.o(i.tick_init)
    OSUnMapTbl                               0x00004e60   Data         256  os_core.o(.constdata)
    OSDebugEn                                0x00004f60   Data           2  os_dbg_r.o(.constdata)
    OSEndiannessTest                         0x00004f64   Data           4  os_dbg_r.o(.constdata)
    OSEventEn                                0x00004f68   Data           2  os_dbg_r.o(.constdata)
    OSEventMax                               0x00004f6a   Data           2  os_dbg_r.o(.constdata)
    OSEventNameEn                            0x00004f6c   Data           2  os_dbg_r.o(.constdata)
    OSEventSize                              0x00004f6e   Data           2  os_dbg_r.o(.constdata)
    OSEventTblSize                           0x00004f70   Data           2  os_dbg_r.o(.constdata)
    OSEventMultiEn                           0x00004f72   Data           2  os_dbg_r.o(.constdata)
    OSFlagEn                                 0x00004f74   Data           2  os_dbg_r.o(.constdata)
    OSFlagGrpSize                            0x00004f76   Data           2  os_dbg_r.o(.constdata)
    OSFlagNodeSize                           0x00004f78   Data           2  os_dbg_r.o(.constdata)
    OSFlagWidth                              0x00004f7a   Data           2  os_dbg_r.o(.constdata)
    OSFlagMax                                0x00004f7c   Data           2  os_dbg_r.o(.constdata)
    OSFlagNameEn                             0x00004f7e   Data           2  os_dbg_r.o(.constdata)
    OSLowestPrio                             0x00004f80   Data           2  os_dbg_r.o(.constdata)
    OSMboxEn                                 0x00004f82   Data           2  os_dbg_r.o(.constdata)
    OSMemEn                                  0x00004f84   Data           2  os_dbg_r.o(.constdata)
    OSMemMax                                 0x00004f86   Data           2  os_dbg_r.o(.constdata)
    OSMemNameEn                              0x00004f88   Data           2  os_dbg_r.o(.constdata)
    OSMemSize                                0x00004f8a   Data           2  os_dbg_r.o(.constdata)
    OSMemTblSize                             0x00004f8c   Data           2  os_dbg_r.o(.constdata)
    OSMutexEn                                0x00004f8e   Data           2  os_dbg_r.o(.constdata)
    OSPtrSize                                0x00004f90   Data           2  os_dbg_r.o(.constdata)
    OSQEn                                    0x00004f92   Data           2  os_dbg_r.o(.constdata)
    OSQMax                                   0x00004f94   Data           2  os_dbg_r.o(.constdata)
    OSQSize                                  0x00004f96   Data           2  os_dbg_r.o(.constdata)
    OSRdyTblSize                             0x00004f98   Data           2  os_dbg_r.o(.constdata)
    OSSemEn                                  0x00004f9a   Data           2  os_dbg_r.o(.constdata)
    OSStkWidth                               0x00004f9c   Data           2  os_dbg_r.o(.constdata)
    OSTaskCreateEn                           0x00004f9e   Data           2  os_dbg_r.o(.constdata)
    OSTaskCreateExtEn                        0x00004fa0   Data           2  os_dbg_r.o(.constdata)
    OSTaskDelEn                              0x00004fa2   Data           2  os_dbg_r.o(.constdata)
    OSTaskIdleStkSize                        0x00004fa4   Data           2  os_dbg_r.o(.constdata)
    OSTaskProfileEn                          0x00004fa6   Data           2  os_dbg_r.o(.constdata)
    OSTaskMax                                0x00004fa8   Data           2  os_dbg_r.o(.constdata)
    OSTaskNameEn                             0x00004faa   Data           2  os_dbg_r.o(.constdata)
    OSTaskStatEn                             0x00004fac   Data           2  os_dbg_r.o(.constdata)
    OSTaskStatStkSize                        0x00004fae   Data           2  os_dbg_r.o(.constdata)
    OSTaskStatStkChkEn                       0x00004fb0   Data           2  os_dbg_r.o(.constdata)
    OSTaskSwHookEn                           0x00004fb2   Data           2  os_dbg_r.o(.constdata)
    OSTaskRegTblSize                         0x00004fb4   Data           2  os_dbg_r.o(.constdata)
    OSTCBPrioTblMax                          0x00004fb6   Data           2  os_dbg_r.o(.constdata)
    OSTCBSize                                0x00004fb8   Data           2  os_dbg_r.o(.constdata)
    OSTicksPerSec                            0x00004fba   Data           2  os_dbg_r.o(.constdata)
    OSTimeTickHookEn                         0x00004fbc   Data           2  os_dbg_r.o(.constdata)
    OSVersionNbr                             0x00004fbe   Data           2  os_dbg_r.o(.constdata)
    OSTmrEn                                  0x00004fc0   Data           2  os_dbg_r.o(.constdata)
    OSTmrCfgMax                              0x00004fc2   Data           2  os_dbg_r.o(.constdata)
    OSTmrCfgNameEn                           0x00004fc4   Data           2  os_dbg_r.o(.constdata)
    OSTmrCfgWheelSize                        0x00004fc6   Data           2  os_dbg_r.o(.constdata)
    OSTmrCfgTicksPerSec                      0x00004fc8   Data           2  os_dbg_r.o(.constdata)
    OSTmrSize                                0x00004fca   Data           2  os_dbg_r.o(.constdata)
    OSTmrTblSize                             0x00004fcc   Data           2  os_dbg_r.o(.constdata)
    OSTmrWheelSize                           0x00004fce   Data           2  os_dbg_r.o(.constdata)
    OSTmrWheelTblSize                        0x00004fd0   Data           2  os_dbg_r.o(.constdata)
    OSDataSize                               0x00004fd2   Data           2  os_dbg_r.o(.constdata)
    Region$$Table$$Base                      0x00004fd4   Number         0  anon$$obj.o(Region$$Table)
    Region$$Table$$Limit                     0x00004ff4   Number         0  anon$$obj.o(Region$$Table)
    InsulationFlag                           0x10000000   Data           1  bms.o(.data)
    OutVoltageDetFlag                        0x10000001   Data           1  bms.o(.data)
    MonitorMsg                               0x10000004   Data           4  module.o(.data)
    ModuleVoltage                            0x10000008   Data           4  module.o(.data)
    InsulationResistorOne                    0x10000010   Data           4  insulation.o(.data)
    InsulationResistorTwo                    0x10000014   Data           4  insulation.o(.data)
    InsuVoltage                              0x10000018   Data           4  insulation.o(.data)
    ADstatus                                 0x1000001c   Data           4  adc.o(.data)
    GulNumU0                                 0x10000020   Data           4  uart.o(.data)
    RcvLenU0                                 0x10000024   Data           4  uart.o(.data)
    SndLenU0                                 0x10000028   Data           4  uart.o(.data)
    RcvNewU0                                 0x1000002c   Data           1  uart.o(.data)
    GulNumU1                                 0x10000030   Data           4  uart.o(.data)
    RcvLenU1                                 0x10000034   Data           4  uart.o(.data)
    SndLenU1                                 0x10000038   Data           4  uart.o(.data)
    RcvNewU1                                 0x1000003c   Data           1  uart.o(.data)
    GulNumU2                                 0x10000040   Data           4  uart.o(.data)
    RcvLenU2                                 0x10000044   Data           4  uart.o(.data)
    SndLenU2                                 0x10000048   Data           4  uart.o(.data)
    RcvNewU2                                 0x1000004c   Data           1  uart.o(.data)
    GulNumU3                                 0x10000050   Data           4  uart.o(.data)
    RcvLenU3                                 0x10000054   Data           4  uart.o(.data)
    SndLenU3                                 0x10000058   Data           4  uart.o(.data)
    RcvNewU3                                 0x1000005c   Data           1  uart.o(.data)
    GulNumU4                                 0x10000060   Data           4  uart.o(.data)
    RcvLenU4                                 0x10000064   Data           4  uart.o(.data)
    SndLenU4                                 0x10000068   Data           4  uart.o(.data)
    RcvNewU4                                 0x1000006c   Data           1  uart.o(.data)
    pwMsgCAN0                                0x10000070   Data           4  can.o(.data)
    prMsgCAN0                                0x10000074   Data           4  can.o(.data)
    pwMsgCAN1                                0x10000078   Data           4  can.o(.data)
    prMsgCAN1                                0x1000007c   Data           4  can.o(.data)
    CANID                                    0x10000080   Data           4  can.o(.data)
    CAN_Data                                 0x10000084   Data           8  can.o(.data)
    ScnTime                                  0x1000008c   Data           4  rtc.o(.data)
    InsulationTime                           0x10000090   Data           2  rtc.o(.data)
    ChargedTime                              0x10000094   Data           4  rtc.o(.data)
    ulTimes                                  0x10000098   Data           4  rtc.o(.data)
    ulDatas                                  0x1000009c   Data           4  rtc.o(.data)
    RTCtimedate                              0x100000a0   Data           8  rtc.o(.data)
    SystemCoreClock                          0x100000ac   Data           4  system_lpc177x_8x.o(.data)
    PeripheralClock                          0x100000b0   Data           4  system_lpc177x_8x.o(.data)
    EMCClock                                 0x100000b4   Data           4  system_lpc177x_8x.o(.data)
    USBClock                                 0x100000b8   Data           4  system_lpc177x_8x.o(.data)
    OsEnterSum                               0x100000bc   Data           4  os_cpu_c.o(.data)
    OSCtxSwCtr                               0x100000c4   Data           4  os_core.o(.data)
    OSEventFreeList                          0x100000c8   Data           4  os_core.o(.data)
    OSFlagFreeList                           0x100000cc   Data           4  os_core.o(.data)
    OSCPUUsage                               0x100000d0   Data           1  os_core.o(.data)
    OSIdleCtrMax                             0x100000d4   Data           4  os_core.o(.data)
    OSIdleCtrRun                             0x100000d8   Data           4  os_core.o(.data)
    OSStatRdy                                0x100000dc   Data           1  os_core.o(.data)
    OSIntNesting                             0x100000dd   Data           1  os_core.o(.data)
    OSLockNesting                            0x100000de   Data           1  os_core.o(.data)
    OSPrioCur                                0x100000df   Data           1  os_core.o(.data)
    OSPrioHighRdy                            0x100000e0   Data           1  os_core.o(.data)
    OSRdyGrp                                 0x100000e1   Data           1  os_core.o(.data)
    OSRdyTbl                                 0x100000e2   Data           8  os_core.o(.data)
    OSRunning                                0x100000ea   Data           1  os_core.o(.data)
    OSTaskCtr                                0x100000eb   Data           1  os_core.o(.data)
    OSIdleCtr                                0x100000ec   Data           4  os_core.o(.data)
    OSTCBCur                                 0x100000f0   Data           4  os_core.o(.data)
    OSTCBFreeList                            0x100000f4   Data           4  os_core.o(.data)
    OSTCBHighRdy                             0x100000f8   Data           4  os_core.o(.data)
    OSTCBList                                0x100000fc   Data           4  os_core.o(.data)
    OSTickStepState                          0x10000100   Data           1  os_core.o(.data)
    OSMemFreeList                            0x10000104   Data           4  os_core.o(.data)
    OSQFreeList                              0x10000108   Data           4  os_core.o(.data)
    OSTime                                   0x1000010c   Data           4  os_core.o(.data)
    OSTmrFree                                0x10000110   Data           2  os_core.o(.data)
    OSTmrUsed                                0x10000112   Data           2  os_core.o(.data)
    OSTmrTime                                0x10000114   Data           4  os_core.o(.data)
    OSTmrSem                                 0x10000118   Data           4  os_core.o(.data)
    OSTmrSemSignal                           0x1000011c   Data           4  os_core.o(.data)
    OSTmrFreeList                            0x10000120   Data           4  os_core.o(.data)
    Sys_PARA                                 0x10001a24   Data          14  main.o(.bss)
    BatterMessage                            0x10001a34   Data          49  bms.o(.bss)
    CFGMessage                               0x10001a65   Data          13  bms.o(.bss)
    BCSMessage                               0x10001a72   Data           9  bms.o(.bss)
    BMSMessage                               0x10001a7c   Data          94  bms.o(.bss)
    ChargerMsg                               0x10001adc   Data          64  bms.o(.bss)
    ModuleMsg                                0x10001b1c   Data          20  module.o(.bss)
    ModuleCurrent                            0x10001b30   Data          32  module.o(.bss)
    RcvBufU0                                 0x10001b50   Data          64  uart.o(.bss)
    SndBufU0                                 0x10001b90   Data          64  uart.o(.bss)
    RcvBufU1                                 0x10001bd0   Data          64  uart.o(.bss)
    SndBufU1                                 0x10001c10   Data          64  uart.o(.bss)
    RcvBufU2                                 0x10001c50   Data          64  uart.o(.bss)
    SndBufU2                                 0x10001c90   Data          64  uart.o(.bss)
    RcvBufU3                                 0x10001cd0   Data          64  uart.o(.bss)
    SndBufU3                                 0x10001d10   Data          64  uart.o(.bss)
    RcvBufU4                                 0x10001d50   Data          64  uart.o(.bss)
    SndBufU4                                 0x10001d90   Data          64  uart.o(.bss)
    MsgCAN0BUF                               0x10001dd0   Data         160  can.o(.bss)
    MsgCAN1BUF                               0x10001e70   Data         160  can.o(.bss)
    MessageDetailT                           0x10001f10   Data          16  can.o(.bss)
    MessageCAN0                              0x10001f20   Data          16  can.o(.bss)
    MessageCAN1                              0x10001f30   Data          16  can.o(.bss)
    OSEventTbl                               0x10001f40   Data         240  os_core.o(.bss)
    OSFlagTbl                                0x10002030   Data          80  os_core.o(.bss)
    OSTaskStatStk                            0x10002080   Data         512  os_core.o(.bss)
    OSTaskIdleStk                            0x10002280   Data         512  os_core.o(.bss)
    OSTCBPrioTbl                             0x10002480   Data         256  os_core.o(.bss)
    OSTCBTbl                                 0x10002580   Data        1936  os_core.o(.bss)
    OSMemTbl                                 0x10002d10   Data         120  os_core.o(.bss)
    OSQTbl                                   0x10002d88   Data          96  os_core.o(.bss)
    OSTmrTbl                                 0x10002de8   Data         640  os_core.o(.bss)
    OSTmrTaskStk                             0x10003068   Data         512  os_core.o(.bss)
    OSTmrWheelTbl                            0x10003268   Data          64  os_core.o(.bss)
    __initial_sp                             0x100034a8   Data           0  startup_lpc177x_8x.o(STACK)



==============================================================================

Memory Map of the image

  Image Entry point : 0x000000e5

  Load Region LR_IROM1 (Base: 0x00000000, Size: 0x00005118, Max: 0x00080000, ABSOLUTE)

    Execution Region ER_IROM1 (Base: 0x00000000, Size: 0x00004ff4, Max: 0x00080000, ABSOLUTE)

    Base Addr    Size         Type   Attr      Idx    E Section Name        Object

    0x00000000   0x000000e4   Data   RO         1533    RESET               startup_lpc177x_8x.o
    0x000000e4   0x00000000   Code   RO         2539  * .ARM.Collect$$$$00000000  mc_w.l(entry.o)
    0x000000e4   0x00000004   Code   RO         2556    .ARM.Collect$$$$00000001  mc_w.l(entry2.o)
    0x000000e8   0x00000004   Code   RO         2559    .ARM.Collect$$$$00000004  mc_w.l(entry5.o)
    0x000000ec   0x00000000   Code   RO         2561    .ARM.Collect$$$$00000008  mc_w.l(entry7b.o)
    0x000000ec   0x00000000   Code   RO         2563    .ARM.Collect$$$$0000000A  mc_w.l(entry8b.o)
    0x000000ec   0x00000008   Code   RO         2564    .ARM.Collect$$$$0000000B  mc_w.l(entry9a.o)
    0x000000f4   0x00000000   Code   RO         2566    .ARM.Collect$$$$0000000D  mc_w.l(entry10a.o)
    0x000000f4   0x00000000   Code   RO         2568    .ARM.Collect$$$$0000000F  mc_w.l(entry11a.o)
    0x000000f4   0x00000004   Code   RO         2557    .ARM.Collect$$$$00002712  mc_w.l(entry2.o)
    0x000000f8   0x00000020   Code   RO         1535    .text               startup_lpc177x_8x.o
    0x00000118   0x00000024   Code   RO         2542    .text               mc_w.l(memseta.o)
    0x0000013c   0x00000024   Code   RO         2581    .text               mc_w.l(init.o)
    0x00000160   0x000000e8   Code   RO         1582    UCOSII_ASM          os_cpu_a.o
    0x00000248   0x00000058   Code   RO          541    i.ADCInit           adc.o
    0x000002a0   0x00000014   Code   RO          542    i.ADCMain           adc.o
    0x000002b4   0x00000040   Code   RO          543    i.ADCRead           adc.o
    0x000002f4   0x00000008   Code   RO          340    i.AnalyseMT31       module.o
    0x000002fc   0x00000004   Code   RO         1534    .ARM.__at_0x02FC    startup_lpc177x_8x.o
    0x00000300   0x00000094   Code   RO          544    i.ADCScan           adc.o
    0x00000394   0x00000018   Code   RO          545    i.ADC_GetStat       adc.o
    0x000003ac   0x00000020   Code   RO          546    i.ADC_Start         adc.o
    0x000003cc   0x00000014   Code   RO          339    i.AnalyseMT30       module.o
    0x000003e0   0x00000014   Code   RO          341    i.AnalyseMT32       module.o
    0x000003f4   0x00000008   Code   RO          342    i.AnalyseMT33       module.o
    0x000003fc   0x00000002   Code   RO          343    i.AnalyseMT34       module.o
    0x000003fe   0x00000002   PAD
    0x00000400   0x0000001c   Code   RO          344    i.AnalyseMT35       module.o
    0x0000041c   0x00000050   Code   RO          171    i.BCL_Analyse       bms.o
    0x0000046c   0x00000020   Code   RO          172    i.BEM_Analyse       bms.o
    0x0000048c   0x00000040   Code   RO          173    i.BHM_Analyse       bms.o
    0x000004cc   0x000005a0   Code   RO          174    i.BMSMain           bms.o
    0x00000a6c   0x00000060   Code   RO          175    i.BMS_CCS           bms.o
    0x00000acc   0x00000038   Code   RO          176    i.BMS_CEM           bms.o
    0x00000b04   0x00000030   Code   RO          177    i.BMS_CHM           bms.o
    0x00000b34   0x00000074   Code   RO          178    i.BMS_CML           bms.o
    0x00000ba8   0x00000040   Code   RO          179    i.BMS_CRM           bms.o
    0x00000be8   0x00000038   Code   RO          180    i.BMS_CRO           bms.o
    0x00000c20   0x00000040   Code   RO          181    i.BMS_CSD           bms.o
    0x00000c60   0x00000038   Code   RO          182    i.BMS_CST           bms.o
    0x00000c98   0x00000038   Code   RO          183    i.BMS_CTS           bms.o
    0x00000cd0   0x0000004c   Code   RO          184    i.BMS_DataAnswerEnd  bms.o
    0x00000d1c   0x00000048   Code   RO          185    i.BMS_DataAnswerHead  bms.o
    0x00000d64   0x00000110   Code   RO          186    i.BMS_RECData_Pro   bms.o
    0x00000e74   0x00000040   Code   RO          187    i.BRO_Analyse       bms.o
    0x00000eb4   0x00000014   Code   RO          188    i.BSD_Analyse       bms.o
    0x00000ec8   0x00000164   Code   RO          189    i.BSM_Analyse       bms.o
    0x0000102c   0x00000038   Code   RO          190    i.BST_Analyse       bms.o
    0x00001064   0x00000070   Code   RO          771    i.CANRCV            can.o
    0x000010d4   0x000000e4   Code   RO          772    i.CANSend           can.o
    0x000011b8   0x000000ac   Code   RO          773    i.CAN_IRQHandler    can.o
    0x00001264   0x00000134   Code   RO          774    i.CAN_Init          can.o
    0x00001398   0x00000040   Code   RO         1157    i.CLKPWR_GetCLK     lpc177x_8x_clkpwr.o
    0x000013d8   0x00000008   Code   RO          191    i.ChargeStart       bms.o
    0x000013e0   0x00000014   Code   RO          192    i.ChargeStop        bms.o
    0x000013f4   0x00000084   Code   RO          193    i.ChargerMsgInit    bms.o
    0x00001478   0x00000168   Code   RO          194    i.DataPackCEB_Analyse  bms.o
    0x000015e0   0x000001fc   Code   RO          195    i.DataPackCEC_Analyse  bms.o
    0x000017dc   0x0000007c   Code   RO         1111    i.EepromInit        eeprom.o
    0x00001858   0x00000144   Code   RO         1112    i.EepromRead        eeprom.o
    0x0000199c   0x0000002c   Code   RO          775    i.Enter_SWRst       can.o
    0x000019c8   0x00000018   Code   RO          910    i.ExRTCSet          rtc.o
    0x000019e0   0x00000080   Code   RO          525    i.GPIOInit          gpio.o
    0x00001a60   0x0000005c   Code   RO          458    i.GetInsulationResistor  insulation.o
    0x00001abc   0x0000004c   Code   RO          347    i.InitiateMT30      module.o
    0x00001b08   0x00000134   Code   RO          348    i.InitiateMT31      module.o
    0x00001c3c   0x00000050   Code   RO          350    i.InitiateMT33      module.o
    0x00001c8c   0x00000064   Code   RO          351    i.InitiateMT34      module.o
    0x00001cf0   0x00000148   Code   RO          352    i.InitiateMT35      module.o
    0x00001e38   0x000000d4   Code   RO          459    i.InsulationMain    insulation.o
    0x00001f0c   0x00000050   Code   RO          460    i.InsulationSendFrame  insulation.o
    0x00001f5c   0x0000003a   Code   RO         1394    i.MODBUS_CRC        calculator.o
    0x00001f96   0x00000002   PAD
    0x00001f98   0x00000330   Code   RO          356    i.ModuleMain        module.o
    0x000022c8   0x0000028c   Code   RO          357    i.ModuleSet         module.o
    0x00002554   0x000002d8   Code   RO          358    i.Module_RECData_Pro  module.o
    0x0000282c   0x00000016   Code   RO          593    i.NVIC_EnableIRQ    uart.o
    0x00002842   0x00000002   PAD
    0x00002844   0x0000015c   Code   RO         2327    i.OSDebugInit       os_dbg_r.o
    0x000029a0   0x00000050   Code   RO         1686    i.OSEventNameSet    os_core.o
    0x000029f0   0x00000038   Code   RO         1688    i.OSInit            os_core.o
    0x00002a28   0x0000000c   Code   RO         1586    i.OSInitHookBegin   os_cpu_c.o
    0x00002a34   0x00000002   Code   RO         1587    i.OSInitHookEnd     os_cpu_c.o
    0x00002a36   0x00000002   PAD
    0x00002a38   0x0000008c   Code   RO         1690    i.OSIntExit         os_core.o
    0x00002ac4   0x00000038   Code   RO         1691    i.OSSchedLock       os_core.o
    0x00002afc   0x00000054   Code   RO         1692    i.OSSchedUnlock     os_core.o
    0x00002b50   0x00000050   Code   RO         2224    i.OSSemCreate       os_sem.o
    0x00002ba0   0x000000e0   Code   RO         2226    i.OSSemPend         os_sem.o
    0x00002c80   0x0000004e   Code   RO         2228    i.OSSemPost         os_sem.o
    0x00002cce   0x00000002   PAD
    0x00002cd0   0x00000048   Code   RO         1693    i.OSStart           os_core.o
    0x00002d18   0x00000040   Code   RO         1694    i.OSStatInit        os_core.o
    0x00002d58   0x00000002   Code   RO         1588    i.OSTCBInitHook     os_cpu_c.o
    0x00002d5a   0x00000002   PAD
    0x00002d5c   0x00000090   Code   RO         2441    i.OSTaskCreate      os_task.o
    0x00002dec   0x000000a4   Code   RO         2442    i.OSTaskCreateExt   os_task.o
    0x00002e90   0x00000002   Code   RO         1589    i.OSTaskCreateHook  os_cpu_c.o
    0x00002e92   0x00000002   Code   RO         1591    i.OSTaskIdleHook    os_cpu_c.o
    0x00002e94   0x00000064   Code   RO         2446    i.OSTaskNameSet     os_task.o
    0x00002ef8   0x00000002   Code   RO         1592    i.OSTaskStatHook    os_cpu_c.o
    0x00002efa   0x00000002   PAD
    0x00002efc   0x00000080   Code   RO         2451    i.OSTaskStkChk      os_task.o
    0x00002f7c   0x0000009a   Code   RO         1593    i.OSTaskStkInit     os_cpu_c.o
    0x00003016   0x00000002   PAD
    0x00003018   0x0000009c   Code   RO         2452    i.OSTaskSuspend     os_task.o
    0x000030b4   0x00000002   Code   RO         1594    i.OSTaskSwHook      os_cpu_c.o
    0x000030b6   0x00000002   PAD
    0x000030b8   0x00000074   Code   RO         2281    i.OSTimeDly         os_time.o
    0x0000312c   0x00000060   Code   RO         2282    i.OSTimeDlyHMSM     os_time.o
    0x0000318c   0x000000e0   Code   RO         1695    i.OSTimeTick        os_core.o
    0x0000326c   0x00000024   Code   RO         1595    i.OSTimeTickHook    os_cpu_c.o
    0x00003290   0x00000014   Code   RO         2350    i.OSTmrSignal       os_tmr.o
    0x000032a4   0x000000f4   Code   RO         2356    i.OSTmr_Init        os_tmr.o
    0x00003398   0x00000050   Code   RO         2357    i.OSTmr_InitTask    os_tmr.o
    0x000033e8   0x0000006c   Code   RO         2358    i.OSTmr_Link        os_tmr.o
    0x00003454   0x00000080   Code   RO         2359    i.OSTmr_Task        os_tmr.o
    0x000034d4   0x00000044   Code   RO         2360    i.OSTmr_Unlink      os_tmr.o
    0x00003518   0x00000090   Code   RO         1698    i.OS_EventTaskRdy   os_core.o
    0x000035a8   0x0000002a   Code   RO         1699    i.OS_EventTaskRemove  os_core.o
    0x000035d2   0x0000003a   Code   RO         1700    i.OS_EventTaskRemoveMulti  os_core.o
    0x0000360c   0x0000007c   Code   RO         1701    i.OS_EventTaskWait  os_core.o
    0x00003688   0x0000001c   Code   RO         1703    i.OS_EventWaitListInit  os_core.o
    0x000036a4   0x00000058   Code   RO         1910    i.OS_FlagInit       os_flag.o
    0x000036fc   0x00000060   Code   RO         1704    i.OS_InitEventList  os_core.o
    0x0000375c   0x00000054   Code   RO         1705    i.OS_InitMisc       os_core.o
    0x000037b0   0x00000044   Code   RO         1706    i.OS_InitRdyList    os_core.o
    0x000037f4   0x00000080   Code   RO         1707    i.OS_InitTCBList    os_core.o
    0x00003874   0x00000050   Code   RO         1708    i.OS_InitTaskIdle   os_core.o
    0x000038c4   0x00000050   Code   RO         1709    i.OS_InitTaskStat   os_core.o
    0x00003914   0x00000012   Code   RO         1710    i.OS_MemClr         os_core.o
    0x00003926   0x00000002   PAD
    0x00003928   0x00000058   Code   RO         2050    i.OS_MemInit        os_mem.o
    0x00003980   0x00000050   Code   RO         2157    i.OS_QInit          os_q.o
    0x000039d0   0x00000070   Code   RO         1712    i.OS_Sched          os_core.o
    0x00003a40   0x0000002c   Code   RO         1713    i.OS_SchedNew       os_core.o
    0x00003a6c   0x00000128   Code   RO         1715    i.OS_TCBInit        os_core.o
    0x00003b94   0x00000020   Code   RO         1716    i.OS_TaskIdle       os_core.o
    0x00003bb4   0x00000084   Code   RO         1717    i.OS_TaskStat       os_core.o
    0x00003c38   0x0000003c   Code   RO         1718    i.OS_TaskStatStkChk  os_core.o
    0x00003c74   0x0000001a   Code   RO         2454    i.OS_TaskStkClr     os_task.o
    0x00003c8e   0x00000002   PAD
    0x00003c90   0x00000030   Code   RO          776    i.Quit_SWRst        can.o
    0x00003cc0   0x000000d0   Code   RO          911    i.RTCInit           rtc.o
    0x00003d90   0x00000108   Code   RO          912    i.RTC_IRQHandler    rtc.o
    0x00003e98   0x00000078   Code   RO          846    i.SSP0_Init         ssp.o
    0x00003f10   0x00000090   Code   RO          852    i.SSP2_Init         ssp.o
    0x00003fa0   0x000000cc   Code   RO         1549    i.SystemInit        system_lpc177x_8x.o
    0x0000406c   0x0000005c   Code   RO            2    i.SystemParameterInit  main.o
    0x000040c8   0x00000058   Code   RO          948    i.TIMER0_IRQHandler  timer.o
    0x00004120   0x0000007c   Code   RO          949    i.Timer0Init        timer.o
    0x0000419c   0x00000080   Code   RO          594    i.UART0Init         uart.o
    0x0000421c   0x00000030   Code   RO          595    i.UART0RxbufClear   uart.o
    0x0000424c   0x00000138   Code   RO          598    i.UART0_IRQHandler  uart.o
    0x00004384   0x00000094   Code   RO          599    i.UART1Init         uart.o
    0x00004418   0x00000030   Code   RO          600    i.UART1RxbufClear   uart.o
    0x00004448   0x00000018   Code   RO          601    i.UART1SendByte     uart.o
    0x00004460   0x0000001a   Code   RO          602    i.UART1SendStr      uart.o
    0x0000447a   0x00000002   PAD
    0x0000447c   0x00000138   Code   RO          603    i.UART1_IRQHandler  uart.o
    0x000045b4   0x000000a0   Code   RO          604    i.UART2Init         uart.o
    0x00004654   0x00000030   Code   RO          605    i.UART2RxbufClear   uart.o
    0x00004684   0x00000138   Code   RO          608    i.UART2_IRQHandler  uart.o
    0x000047bc   0x00000094   Code   RO          609    i.UART3Init         uart.o
    0x00004850   0x00000030   Code   RO          610    i.UART3RxbufClear   uart.o
    0x00004880   0x00000138   Code   RO          613    i.UART3_IRQHandler  uart.o
    0x000049b8   0x00000094   Code   RO          614    i.UART4Init         uart.o
    0x00004a4c   0x00000030   Code   RO          615    i.UART4RxbufClear   uart.o
    0x00004a7c   0x00000140   Code   RO          618    i.UART4_IRQHandler  uart.o
    0x00004bbc   0x00000078   Code   RO          777    i.WriteCAN0         can.o
    0x00004c34   0x00000078   Code   RO          778    i.WriteCAN1         can.o
    0x00004cac   0x0000000e   Code   RO         2585    i.__scatterload_copy  mc_w.l(handlers.o)
    0x00004cba   0x00000002   Code   RO         2586    i.__scatterload_null  mc_w.l(handlers.o)
    0x00004cbc   0x0000000e   Code   RO         2587    i.__scatterload_zeroinit  mc_w.l(handlers.o)
    0x00004cca   0x00000002   PAD
    0x00004ccc   0x00000080   Code   RO            3    i.main              main.o
    0x00004d4c   0x0000000a   Code   RO            4    i.taskADC           main.o
    0x00004d56   0x0000000a   Code   RO            5    i.taskBMS           main.o
    0x00004d60   0x0000000a   Code   RO            6    i.taskInsulation    main.o
    0x00004d6a   0x0000000a   Code   RO            7    i.taskModule        main.o
    0x00004d74   0x00000064   Code   RO            8    i.taskStart         main.o
    0x00004dd8   0x00000024   Code   RO         1596    i.tickISRHandler    os_cpu_c.o
    0x00004dfc   0x00000064   Code   RO         1597    i.tick_init         os_cpu_c.o
    0x00004e60   0x00000100   Data   RO         1720    .constdata          os_core.o
    0x00004f60   0x00000074   Data   RO         2328    .constdata          os_dbg_r.o
    0x00004fd4   0x00000020   Data   RO         2583    Region$$Table       anon$$obj.o


    Execution Region RW_IRAM1 (Base: 0x10000000, Size: 0x000034a8, Max: 0x00010000, ABSOLUTE)

    Base Addr    Size         Type   Attr      Idx    E Section Name        Object

    0x10000000   0x00000002   Data   RW          197    .data               bms.o
    0x10000002   0x00000002   PAD
    0x10000004   0x00000009   Data   RW          360    .data               module.o
    0x1000000d   0x00000003   PAD
    0x10000010   0x0000000c   Data   RW          461    .data               insulation.o
    0x1000001c   0x00000004   Data   RW          547    .data               adc.o
    0x10000020   0x0000004d   Data   RW          620    .data               uart.o
    0x1000006d   0x00000003   PAD
    0x10000070   0x0000001c   Data   RW          780    .data               can.o
    0x1000008c   0x0000001d   Data   RW          913    .data               rtc.o
    0x100000a9   0x00000001   Data   RW          950    .data               timer.o
    0x100000aa   0x00000002   PAD
    0x100000ac   0x00000010   Data   RW         1550    .data               system_lpc177x_8x.o
    0x100000bc   0x00000006   Data   RW         1598    .data               os_cpu_c.o
    0x100000c2   0x00000002   PAD
    0x100000c4   0x00000060   Data   RW         1721    .data               os_core.o
    0x10000124   0x0000190e   Zero   RW            9    .bss                main.o
    0x10001a32   0x00000002   PAD
    0x10001a34   0x000000e8   Zero   RW          196    .bss                bms.o
    0x10001b1c   0x00000034   Zero   RW          359    .bss                module.o
    0x10001b50   0x00000280   Zero   RW          619    .bss                uart.o
    0x10001dd0   0x00000170   Zero   RW          779    .bss                can.o
    0x10001f40   0x00001368   Zero   RW         1719    .bss                os_core.o
    0x100032a8   0x00000200   Zero   RW         1531    STACK               startup_lpc177x_8x.o


    Execution Region RW_IRAM2 (Base: 0x20000000, Size: 0x00000000, Max: 0x00008000, ABSOLUTE)

    **** No section assigned to this execution region ****


==============================================================================

Image component sizes


      Code (inc. data)   RO Data    RW Data    ZI Data      Debug   Object Name

       376         38          0          4          0       3021   adc.o
      4172        406          0          2        232      14644   bms.o
        58          0          0          0          0        929   calculator.o
      1152         80          0         28        368       7184   can.o
       448         24          0          0          0       2658   eeprom.o
       128          6          0          0          0        407   gpio.o
       384         44          0         12          0       2175   insulation.o
        64         18          0          0          0        564   lpc177x_8x_clkpwr.o
       360         70          0          0       6414      39722   main.o
      3174        240          0          9         52       8084   module.o
      2402        424        256         96       4968      22458   os_core.o
       232         40          0          0          0        304   os_cpu_a.o
       350         26          0          6          0      30655   os_cpu_c.o
       348        230        116          0          0       3266   os_dbg_r.o
        88         14          0          0          0        538   os_flag.o
        88         14          0          0          0        485   os_mem.o
        80          8          0          0          0        507   os_q.o
       382         26          0          0          0       2094   os_sem.o
       718         64          0          0          0       4848   os_task.o
       212         32          0          0          0       1256   os_time.o
       648        138          0          0          0       3487   os_tmr.o
       496         60          0         29          0      18934   rtc.o
       264         26          0          0          0        844   ssp.o
        36         12        228          0        512        868   startup_lpc177x_8x.o
       204         16          0         16          0        829   system_lpc177x_8x.o
       212         24          0          1          0       1045   timer.o
      2612        286          0         77        640      27071   uart.o

    ----------------------------------------------------------------------
     19712       2366        632        292      13188     198877   Object Totals
         0          0         32          0          0          0   (incl. Generated)
        24          0          0         12          2          0   (incl. Padding)

    ----------------------------------------------------------------------

      Code (inc. data)   RO Data    RW Data    ZI Data      Debug   Library Member Name

         0          0          0          0          0          0   entry.o
         0          0          0          0          0          0   entry10a.o
         0          0          0          0          0          0   entry11a.o
         8          4          0          0          0          0   entry2.o
         4          0          0          0          0          0   entry5.o
         0          0          0          0          0          0   entry7b.o
         0          0          0          0          0          0   entry8b.o
         8          4          0          0          0          0   entry9a.o
        30          0          0          0          0          0   handlers.o
        36          8          0          0          0         68   init.o
        36          0          0          0          0        108   memseta.o

    ----------------------------------------------------------------------
       124         16          0          0          0        176   Library Totals
         2          0          0          0          0          0   (incl. Padding)

    ----------------------------------------------------------------------

      Code (inc. data)   RO Data    RW Data    ZI Data      Debug   Library Name

       122         16          0          0          0        176   mc_w.l

    ----------------------------------------------------------------------
       124         16          0          0          0        176   Library Totals

    ----------------------------------------------------------------------

==============================================================================


      Code (inc. data)   RO Data    RW Data    ZI Data      Debug   

     19836       2382        632        292      13188     191561   Grand Totals
     19836       2382        632        292      13188     191561   ELF Image Totals
     19836       2382        632        292          0          0   ROM Totals

==============================================================================

    Total RO  Size (Code + RO Data)                20468 (  19.99kB)
    Total RW  Size (RW Data + ZI Data)             13480 (  13.16kB)
    Total ROM Size (Code + RO Data + RW Data)      20760 (  20.27kB)

==============================================================================

